Archive member included to satisfy reference by file (symbol)

/home/kvant666ubl/opt/gcc-arm-none-eabi-10-2020-q4-major/bin/../lib/gcc/arm-none-eabi/10.2.1/../../../../arm-none-eabi/lib/thumb/v7-m/nofp/libc.a(lib_a-memcpy.o)
                              rtos/queue.o (memcpy)
/home/kvant666ubl/opt/gcc-arm-none-eabi-10-2020-q4-major/bin/../lib/gcc/arm-none-eabi/10.2.1/../../../../arm-none-eabi/lib/thumb/v7-m/nofp/libc.a(lib_a-time.o)
                              main.o (time)
/home/kvant666ubl/opt/gcc-arm-none-eabi-10-2020-q4-major/bin/../lib/gcc/arm-none-eabi/10.2.1/../../../../arm-none-eabi/lib/thumb/v7-m/nofp/libc.a(lib_a-gettimeofdayr.o)
                              /home/kvant666ubl/opt/gcc-arm-none-eabi-10-2020-q4-major/bin/../lib/gcc/arm-none-eabi/10.2.1/../../../../arm-none-eabi/lib/thumb/v7-m/nofp/libc.a(lib_a-time.o) (_gettimeofday_r)
/home/kvant666ubl/opt/gcc-arm-none-eabi-10-2020-q4-major/bin/../lib/gcc/arm-none-eabi/10.2.1/../../../../arm-none-eabi/lib/thumb/v7-m/nofp/libc.a(lib_a-impure.o)
                              /home/kvant666ubl/opt/gcc-arm-none-eabi-10-2020-q4-major/bin/../lib/gcc/arm-none-eabi/10.2.1/../../../../arm-none-eabi/lib/thumb/v7-m/nofp/libc.a(lib_a-time.o) (_impure_ptr)
/home/kvant666ubl/opt/gcc-arm-none-eabi-10-2020-q4-major/bin/../lib/gcc/arm-none-eabi/10.2.1/../../../../arm-none-eabi/lib/thumb/v7-m/nofp/libc.a(lib_a-reent.o)
                              /home/kvant666ubl/opt/gcc-arm-none-eabi-10-2020-q4-major/bin/../lib/gcc/arm-none-eabi/10.2.1/../../../../arm-none-eabi/lib/thumb/v7-m/nofp/libc.a(lib_a-gettimeofdayr.o) (errno)
/home/kvant666ubl/opt/gcc-arm-none-eabi-10-2020-q4-major/bin/../lib/gcc/arm-none-eabi/10.2.1/../../../../arm-none-eabi/lib/thumb/v7-m/nofp/libc.a(lib_a-freer.o)
                              /home/kvant666ubl/opt/gcc-arm-none-eabi-10-2020-q4-major/bin/../lib/gcc/arm-none-eabi/10.2.1/../../../../arm-none-eabi/lib/thumb/v7-m/nofp/libc.a(lib_a-reent.o) (_free_r)
/home/kvant666ubl/opt/gcc-arm-none-eabi-10-2020-q4-major/bin/../lib/gcc/arm-none-eabi/10.2.1/../../../../arm-none-eabi/lib/thumb/v7-m/nofp/libc.a(lib_a-mallocr.o)
                              /home/kvant666ubl/opt/gcc-arm-none-eabi-10-2020-q4-major/bin/../lib/gcc/arm-none-eabi/10.2.1/../../../../arm-none-eabi/lib/thumb/v7-m/nofp/libc.a(lib_a-freer.o) (__malloc_current_mallinfo)
/home/kvant666ubl/opt/gcc-arm-none-eabi-10-2020-q4-major/bin/../lib/gcc/arm-none-eabi/10.2.1/../../../../arm-none-eabi/lib/thumb/v7-m/nofp/libc.a(lib_a-mlock.o)
                              /home/kvant666ubl/opt/gcc-arm-none-eabi-10-2020-q4-major/bin/../lib/gcc/arm-none-eabi/10.2.1/../../../../arm-none-eabi/lib/thumb/v7-m/nofp/libc.a(lib_a-freer.o) (__malloc_lock)
/home/kvant666ubl/opt/gcc-arm-none-eabi-10-2020-q4-major/bin/../lib/gcc/arm-none-eabi/10.2.1/../../../../arm-none-eabi/lib/thumb/v7-m/nofp/libc.a(lib_a-sbrkr.o)
                              /home/kvant666ubl/opt/gcc-arm-none-eabi-10-2020-q4-major/bin/../lib/gcc/arm-none-eabi/10.2.1/../../../../arm-none-eabi/lib/thumb/v7-m/nofp/libc.a(lib_a-freer.o) (_sbrk_r)
/home/kvant666ubl/opt/gcc-arm-none-eabi-10-2020-q4-major/bin/../lib/gcc/arm-none-eabi/10.2.1/../../../../arm-none-eabi/lib/thumb/v7-m/nofp/libc.a(lib_a-lock.o)
                              /home/kvant666ubl/opt/gcc-arm-none-eabi-10-2020-q4-major/bin/../lib/gcc/arm-none-eabi/10.2.1/../../../../arm-none-eabi/lib/thumb/v7-m/nofp/libc.a(lib_a-mlock.o) (__retarget_lock_acquire_recursive)
/home/kvant666ubl/opt/gcc-arm-none-eabi-10-2020-q4-major/bin/../lib/gcc/arm-none-eabi/10.2.1/../../../../arm-none-eabi/lib/thumb/v7-m/nofp/libnosys.a(gettod.o)
                              /home/kvant666ubl/opt/gcc-arm-none-eabi-10-2020-q4-major/bin/../lib/gcc/arm-none-eabi/10.2.1/../../../../arm-none-eabi/lib/thumb/v7-m/nofp/libc.a(lib_a-gettimeofdayr.o) (_gettimeofday)
/home/kvant666ubl/opt/gcc-arm-none-eabi-10-2020-q4-major/bin/../lib/gcc/arm-none-eabi/10.2.1/../../../../arm-none-eabi/lib/thumb/v7-m/nofp/libnosys.a(sbrk.o)
                              /home/kvant666ubl/opt/gcc-arm-none-eabi-10-2020-q4-major/bin/../lib/gcc/arm-none-eabi/10.2.1/../../../../arm-none-eabi/lib/thumb/v7-m/nofp/libc.a(lib_a-sbrkr.o) (_sbrk)
/home/kvant666ubl/Desktop/stm32f103c8t6//rtos/libwwg/libwwg.a(usbcdc.o)
                              main.o (usb_start)
/home/kvant666ubl/Desktop/stm32f103c8t6//rtos/libwwg/libwwg.a(miniprintf.o)
                              /home/kvant666ubl/Desktop/stm32f103c8t6//rtos/libwwg/libwwg.a(usbcdc.o) (mini_vprintf_cooked)
/home/kvant666ubl/Desktop/stm32f103c8t6//rtos/libwwg/libwwg.a(mcuio.o)
                              main.o (std_printf)
/home/kvant666ubl/Desktop/stm32f103c8t6//rtos/libwwg/libwwg.a(getline.o)
                              /home/kvant666ubl/Desktop/stm32f103c8t6//rtos/libwwg/libwwg.a(usbcdc.o) (getline)
/home/kvant666ubl/Desktop/stm32f103c8t6//rtos/libwwg/libwwg.a(uartlib.o)
                              /home/kvant666ubl/Desktop/stm32f103c8t6//rtos/libwwg/libwwg.a(mcuio.o) (uart1_putc)
[...]
Memory Configuration

Name             Origin             Length             Attributes
rom              0x0000000008000000 0x0000000000010000 xr
ram              0x0000000020000000 0x0000000000005000 xrw
*default*        0x0000000000000000 0xffffffffffffffff

Linker script and memory map

LOAD main.o
LOAD rtos/heap_4.o
LOAD rtos/list.o
LOAD rtos/port.o
LOAD rtos/queue.o
LOAD rtos/tasks.o
LOAD rtos/opencm3.o
START GROUP
LOAD /home/kvant666ubl/opt/gcc-arm-none-eabi-10-2020-q4-major/bin/../lib/gcc/arm-none-eabi/10.2.1/../../../../arm-none-eabi/lib/thumb/v7-m/nofp/libc.a
LOAD /home/kvant666ubl/opt/gcc-arm-none-eabi-10-2020-q4-major/bin/../lib/gcc/arm-none-eabi/10.2.1/thumb/v7-m/nofp/libgcc.a
LOAD /home/kvant666ubl/opt/gcc-arm-none-eabi-10-2020-q4-major/bin/../lib/gcc/arm-none-eabi/10.2.1/../../../../arm-none-eabi/lib/thumb/v7-m/nofp/libnosys.a
END GROUP
LOAD /home/kvant666ubl/Desktop/stm32f103c8t6//rtos/libwwg/libwwg.a
LOAD /home/kvant666ubl/Desktop/stm32f103c8t6/libopencm3/lib/libopencm3_stm32f1.a
START GROUP
LOAD /home/kvant666ubl/opt/gcc-arm-none-eabi-10-2020-q4-major/bin/../lib/gcc/arm-none-eabi/10.2.1/thumb/v7-m/nofp/libgcc.a
LOAD /home/kvant666ubl/opt/gcc-arm-none-eabi-10-2020-q4-major/bin/../lib/gcc/arm-none-eabi/10.2.1/../../../../arm-none-eabi/lib/thumb/v7-m/nofp/libc.a
END GROUP
START GROUP
LOAD /home/kvant666ubl/opt/gcc-arm-none-eabi-10-2020-q4-major/bin/../lib/gcc/arm-none-eabi/10.2.1/thumb/v7-m/nofp/libgcc.a
LOAD /home/kvant666ubl/opt/gcc-arm-none-eabi-10-2020-q4-major/bin/../lib/gcc/arm-none-eabi/10.2.1/../../../../arm-none-eabi/lib/thumb/v7-m/nofp/libc.a
LOAD /home/kvant666ubl/opt/gcc-arm-none-eabi-10-2020-q4-major/bin/../lib/gcc/arm-none-eabi/10.2.1/../../../../arm-none-eabi/lib/thumb/v7-m/nofp/libnosys.a
END GROUP

.text           0x0000000008000000     0x3734
 *(.vectors)
 .vectors       0x0000000008000000      0x150 /home/kvant666ubl/Desktop/stm32f103c8t6/libopencm3/lib/libopencm3_stm32f1.a(vector.o)
                0x0000000008000000                vector_table
 *(.text)
 .text          0x0000000008000150       0xec /home/kvant666ubl/opt/gcc-arm-none-eabi-10-2020-q4-major/bin/../lib/gcc/arm-none-eabi/10.2.1/../../../../arm-none-eabi/lib/thumb/v7-m/nofp/libc.a(lib_a-memcpy.o)
                0x0000000008000150                memcpy
 *(.text*)
 .text.task3    0x000000000800023c        0xe main.o
 *fill*         0x000000000800024a        0x2 
 .text.mutex_lock
                0x000000000800024c       0x14 main.o
 .text.mutex_unlock
                0x0000000008000260       0x14 main.o
 .text.task2    0x0000000008000274       0x54 main.o
 .text.set_time
                0x00000000080002c8       0x5c main.o
 .text.task1    0x0000000008000324      0x114 main.o
 .text.rtc_isr  0x0000000008000438      0x108 main.o
                0x0000000008000438                rtc_isr
 .text.startup.main
                0x0000000008000540       0xb8 main.o
                0x0000000008000540                main
 .text.prvInsertBlockIntoFreeList
                0x00000000080005f8       0x48 rtos/heap_4.o
 .text.pvPortMalloc
                0x0000000008000640       0xec rtos/heap_4.o
                0x0000000008000640                pvPortMalloc
 .text.vPortFree
                0x000000000800072c       0x4c rtos/heap_4.o
                0x000000000800072c                vPortFree
 .text.vListInitialise
                0x0000000008000778       0x16 rtos/list.o
                0x0000000008000778                vListInitialise
 .text.vListInitialiseItem
                0x000000000800078e        0x6 rtos/list.o
                0x000000000800078e                vListInitialiseItem
 .text.vListInsertEnd
                0x0000000008000794       0x18 rtos/list.o
                0x0000000008000794                vListInsertEnd
 .text.vListInsert
                0x00000000080007ac       0x2e rtos/list.o
                0x00000000080007ac                vListInsert
 .text.uxListRemove
                0x00000000080007da       0x1e rtos/list.o
                0x00000000080007da                uxListRemove
 .text.prvTaskExitError
                0x00000000080007f8       0x12 rtos/port.o
 *fill*         0x000000000800080a        0x2 
 .text.prvPortStartFirstTask
                0x000000000800080c       0x20 rtos/port.o
 .text.pxPortInitialiseStack
                0x000000000800082c       0x24 rtos/port.o
                0x000000000800082c                pxPortInitialiseStack
 .text.vPortSVCHandler
                0x0000000008000850       0x24 rtos/port.o
                0x0000000008000850                vPortSVCHandler
 .text.vPortEnterCritical
                0x0000000008000874       0x20 rtos/port.o
                0x0000000008000874                vPortEnterCritical
 .text.vPortExitCritical
                0x0000000008000894       0x14 rtos/port.o
                0x0000000008000894                vPortExitCritical
 *fill*         0x00000000080008a8        0x8 
 .text.xPortPendSVHandler
                0x00000000080008b0       0x44 rtos/port.o
                0x00000000080008b0                xPortPendSVHandler
 .text.xPortSysTickHandler
                0x00000000080008f4       0x2c rtos/port.o
                0x00000000080008f4                xPortSysTickHandler
 .text.vPortSetupTimerInterrupt
                0x0000000008000920       0x10 rtos/port.o
                0x0000000008000920                vPortSetupTimerInterrupt
 .text.xPortStartScheduler
                0x0000000008000930       0x34 rtos/port.o
                0x0000000008000930                xPortStartScheduler
 .text.prvCopyDataToQueue
                0x0000000008000964       0x6a rtos/queue.o
 .text.prvCopyDataFromQueue
                0x00000000080009ce       0x28 rtos/queue.o
 .text.prvUnlockQueue
                0x00000000080009f6       0x70 rtos/queue.o
 .text.xQueueGenericReset
                0x0000000008000a66       0x6a rtos/queue.o
                0x0000000008000a66                xQueueGenericReset
 .text.xQueueGenericCreate
                0x0000000008000ad0       0x2e rtos/queue.o
                0x0000000008000ad0                xQueueGenericCreate
 .text.xQueueGenericSend
                0x0000000008000afe      0x104 rtos/queue.o
                0x0000000008000afe                xQueueGenericSend
 .text.xQueueCreateMutex
                0x0000000008000c02       0x24 rtos/queue.o
                0x0000000008000c02                xQueueCreateMutex
 .text.xQueueGenericReceive
                0x0000000008000c26      0x138 rtos/queue.o
                0x0000000008000c26                xQueueGenericReceive
 .text.uxQueueSpacesAvailable
                0x0000000008000d5e       0x16 rtos/queue.o
                0x0000000008000d5e                uxQueueSpacesAvailable
 .text.prvIdleTask
                0x0000000008000d74        0x2 rtos/tasks.o
 *fill*         0x0000000008000d76        0x2 
 .text.prvAddCurrentTaskToDelayedList
                0x0000000008000d78       0x88 rtos/tasks.o
 .text.prvResetNextTaskUnblockTime
                0x0000000008000e00       0x24 rtos/tasks.o
 .text.xTaskCreate
                0x0000000008000e24      0x190 rtos/tasks.o
                0x0000000008000e24                xTaskCreate
 .text.vTaskStartScheduler
                0x0000000008000fb4       0x60 rtos/tasks.o
                0x0000000008000fb4                vTaskStartScheduler
 .text.vTaskSuspendAll
                0x0000000008001014       0x10 rtos/tasks.o
                0x0000000008001014                vTaskSuspendAll
 .text.xTaskGetTickCount
                0x0000000008001024        0xc rtos/tasks.o
                0x0000000008001024                xTaskGetTickCount
 .text.xTaskIncrementTick
                0x0000000008001030      0x10c rtos/tasks.o
                0x0000000008001030                xTaskIncrementTick
 .text.xTaskResumeAll
                0x000000000800113c       0xd8 rtos/tasks.o
                0x000000000800113c                xTaskResumeAll
 .text.vTaskSwitchContext
                0x0000000008001214       0x60 rtos/tasks.o
                0x0000000008001214                vTaskSwitchContext
 .text.vTaskPlaceOnEventList
                0x0000000008001274       0x20 rtos/tasks.o
                0x0000000008001274                vTaskPlaceOnEventList
 .text.xTaskRemoveFromEventList
                0x0000000008001294       0x70 rtos/tasks.o
                0x0000000008001294                xTaskRemoveFromEventList
 .text.vTaskSetTimeOutState
                0x0000000008001304       0x18 rtos/tasks.o
                0x0000000008001304                vTaskSetTimeOutState
 .text.xTaskCheckForTimeOut
                0x000000000800131c       0x4c rtos/tasks.o
                0x000000000800131c                xTaskCheckForTimeOut
 .text.vTaskMissedYield
                0x0000000008001368        0xc rtos/tasks.o
                0x0000000008001368                vTaskMissedYield
 .text.vTaskPriorityInherit
                0x0000000008001374       0x94 rtos/tasks.o
                0x0000000008001374                vTaskPriorityInherit
 .text.xTaskPriorityDisinherit
                0x0000000008001408       0x70 rtos/tasks.o
                0x0000000008001408                xTaskPriorityDisinherit
 .text.pvTaskIncrementMutexHeldCount
                0x0000000008001478       0x18 rtos/tasks.o
                0x0000000008001478                pvTaskIncrementMutexHeldCount
 .text.ulTaskNotifyTake
                0x0000000008001490       0x64 rtos/tasks.o
                0x0000000008001490                ulTaskNotifyTake
 .text.vTaskNotifyGiveFromISR
                0x00000000080014f4       0xa0 rtos/tasks.o
                0x00000000080014f4                vTaskNotifyGiveFromISR
 .text.sv_call_handler
                0x0000000008001594        0x4 rtos/opencm3.o
                0x0000000008001594                sv_call_handler
 .text.pend_sv_handler
                0x0000000008001598        0x4 rtos/opencm3.o
                0x0000000008001598                pend_sv_handler
 .text.sys_tick_handler
                0x000000000800159c        0x4 rtos/opencm3.o
                0x000000000800159c                sys_tick_handler
 .text.time     0x00000000080015a0       0x34 /home/kvant666ubl/opt/gcc-arm-none-eabi-10-2020-q4-major/bin/../lib/gcc/arm-none-eabi/10.2.1/../../../../arm-none-eabi/lib/thumb/v7-m/nofp/libc.a(lib_a-time.o)
                0x00000000080015a0                time
 .text._gettimeofday_r
                0x00000000080015d4       0x28 /home/kvant666ubl/opt/gcc-arm-none-eabi-10-2020-q4-major/bin/../lib/gcc/arm-none-eabi/10.2.1/../../../../arm-none-eabi/lib/thumb/v7-m/nofp/libc.a(lib_a-gettimeofdayr.o)
                0x00000000080015d4                _gettimeofday_r
 .text._gettimeofday
                0x00000000080015fc       0x10 /home/kvant666ubl/opt/gcc-arm-none-eabi-10-2020-q4-major/bin/../lib/gcc/arm-none-eabi/10.2.1/../../../../arm-none-eabi/lib/thumb/v7-m/nofp/libnosys.a(gettod.o)
                0x00000000080015fc                _gettimeofday
 .text.cdcacm_control_request
                0x000000000800160c       0x1c /home/kvant666ubl/Desktop/stm32f103c8t6//rtos/libwwg/libwwg.a(usbcdc.o)
 .text.usb_putc
                0x0000000008001628       0x5c /home/kvant666ubl/Desktop/stm32f103c8t6//rtos/libwwg/libwwg.a(usbcdc.o)
                0x0000000008001628                usb_putc
 .text.usb_getc
                0x0000000008001684       0x2c /home/kvant666ubl/Desktop/stm32f103c8t6//rtos/libwwg/libwwg.a(usbcdc.o)
                0x0000000008001684                usb_getc
 .text.usb_task
                0x00000000080016b0       0x68 /home/kvant666ubl/Desktop/stm32f103c8t6//rtos/libwwg/libwwg.a(usbcdc.o)
 .text.cdcacm_set_config
                0x0000000008001718       0x54 /home/kvant666ubl/Desktop/stm32f103c8t6//rtos/libwwg/libwwg.a(usbcdc.o)
 .text.cdcacm_data_rx_cb
                0x000000000800176c       0x48 /home/kvant666ubl/Desktop/stm32f103c8t6//rtos/libwwg/libwwg.a(usbcdc.o)
 .text.usb_puts
                0x00000000080017b4       0x12 /home/kvant666ubl/Desktop/stm32f103c8t6//rtos/libwwg/libwwg.a(usbcdc.o)
                0x00000000080017b4                usb_puts
 *fill*         0x00000000080017c6        0x2 
 .text.usb_vprintf
                0x00000000080017c8       0x10 /home/kvant666ubl/Desktop/stm32f103c8t6//rtos/libwwg/libwwg.a(usbcdc.o)
                0x00000000080017c8                usb_vprintf
 .text.usb_write
                0x00000000080017d8       0x24 /home/kvant666ubl/Desktop/stm32f103c8t6//rtos/libwwg/libwwg.a(usbcdc.o)
                0x00000000080017d8                usb_write
 .text.usb_peek
                0x00000000080017fc       0x28 /home/kvant666ubl/Desktop/stm32f103c8t6//rtos/libwwg/libwwg.a(usbcdc.o)
                0x00000000080017fc                usb_peek
 .text.usb_gets
                0x0000000008001824       0x4a /home/kvant666ubl/Desktop/stm32f103c8t6//rtos/libwwg/libwwg.a(usbcdc.o)
                0x0000000008001824                usb_gets
 *fill*         0x000000000800186e        0x2 
 .text.usb_getline
                0x0000000008001870       0x10 /home/kvant666ubl/Desktop/stm32f103c8t6//rtos/libwwg/libwwg.a(usbcdc.o)
                0x0000000008001870                usb_getline
 .text.usb_start
                0x0000000008001880       0x98 /home/kvant666ubl/Desktop/stm32f103c8t6//rtos/libwwg/libwwg.a(usbcdc.o)
                0x0000000008001880                usb_start
 .text.mini_write
                0x0000000008001918       0x16 /home/kvant666ubl/Desktop/stm32f103c8t6//rtos/libwwg/libwwg.a(miniprintf.o)
 .text.mini_putc
                0x000000000800192e       0x2a /home/kvant666ubl/Desktop/stm32f103c8t6//rtos/libwwg/libwwg.a(miniprintf.o)
 .text.mini_pad
                0x0000000008001958       0x24 /home/kvant666ubl/Desktop/stm32f103c8t6//rtos/libwwg/libwwg.a(miniprintf.o)
 .text.internal_vprintf
                0x000000000800197c      0x1f0 /home/kvant666ubl/Desktop/stm32f103c8t6//rtos/libwwg/libwwg.a(miniprintf.o)
 .text.mini_vprintf_cooked
                0x0000000008001b6c       0x30 /home/kvant666ubl/Desktop/stm32f103c8t6//rtos/libwwg/libwwg.a(miniprintf.o)
                0x0000000008001b6c                mini_vprintf_cooked
 .text.std_printf
                0x0000000008001b9c       0x24 /home/kvant666ubl/Desktop/stm32f103c8t6//rtos/libwwg/libwwg.a(mcuio.o)
                0x0000000008001b9c                std_printf
 .text.getline  0x0000000008001bc0      0x18e /home/kvant666ubl/Desktop/stm32f103c8t6//rtos/libwwg/libwwg.a(getline.o)
                0x0000000008001bc0                getline
 *fill*         0x0000000008001d4e        0x2 
 .text.uart_common_isr
                0x0000000008001d50       0x44 /home/kvant666ubl/Desktop/stm32f103c8t6//rtos/libwwg/libwwg.a(uartlib.o)
 .text.usart1_isr
                0x0000000008001d94        0x6 /home/kvant666ubl/Desktop/stm32f103c8t6//rtos/libwwg/libwwg.a(uartlib.o)
                0x0000000008001d94                usart1_isr
 .text.usart2_isr
                0x0000000008001d9a        0x6 /home/kvant666ubl/Desktop/stm32f103c8t6//rtos/libwwg/libwwg.a(uartlib.o)
                0x0000000008001d9a                usart2_isr
 .text.usart3_isr
                0x0000000008001da0        0x6 /home/kvant666ubl/Desktop/stm32f103c8t6//rtos/libwwg/libwwg.a(uartlib.o)
                0x0000000008001da0                usart3_isr
 *fill*         0x0000000008001da6        0x2 
 .text.putc_uart
                0x0000000008001da8       0x34 /home/kvant666ubl/Desktop/stm32f103c8t6//rtos/libwwg/libwwg.a(uartlib.o)
                0x0000000008001da8                putc_uart
 .text.uart1_putc
                0x0000000008001ddc       0x1c /home/kvant666ubl/Desktop/stm32f103c8t6//rtos/libwwg/libwwg.a(uartlib.o)
                0x0000000008001ddc                uart1_putc
 .text.uart2_putc
                0x0000000008001df8       0x1c /home/kvant666ubl/Desktop/stm32f103c8t6//rtos/libwwg/libwwg.a(uartlib.o)
                0x0000000008001df8                uart2_putc
 .text.uart3_putc
                0x0000000008001e14       0x1c /home/kvant666ubl/Desktop/stm32f103c8t6//rtos/libwwg/libwwg.a(uartlib.o)
                0x0000000008001e14                uart3_putc
 .text.getc_uart
                0x0000000008001e30       0x4c /home/kvant666ubl/Desktop/stm32f103c8t6//rtos/libwwg/libwwg.a(uartlib.o)
                0x0000000008001e30                getc_uart
 .text.uart1_getc
                0x0000000008001e7c        0xa /home/kvant666ubl/Desktop/stm32f103c8t6//rtos/libwwg/libwwg.a(uartlib.o)
                0x0000000008001e7c                uart1_getc
 .text.uart2_getc
                0x0000000008001e86        0xa /home/kvant666ubl/Desktop/stm32f103c8t6//rtos/libwwg/libwwg.a(uartlib.o)
                0x0000000008001e86                uart2_getc
 .text.uart3_getc
                0x0000000008001e90        0xa /home/kvant666ubl/Desktop/stm32f103c8t6//rtos/libwwg/libwwg.a(uartlib.o)
                0x0000000008001e90                uart3_getc
 .text.gpio_set_mode
                0x0000000008001e9a       0x5e /home/kvant666ubl/Desktop/stm32f103c8t6/libopencm3/lib/libopencm3_stm32f1.a(gpio.o)
                0x0000000008001e9a                gpio_set_mode
 .text.gpio_clear
                0x0000000008001ef8        0x6 /home/kvant666ubl/Desktop/stm32f103c8t6/libopencm3/lib/libopencm3_stm32f1.a(gpio_common_all.o)
                0x0000000008001ef8                gpio_clear
 .text.gpio_toggle
                0x0000000008001efe       0x12 /home/kvant666ubl/Desktop/stm32f103c8t6/libopencm3/lib/libopencm3_stm32f1.a(gpio_common_all.o)
                0x0000000008001efe                gpio_toggle
 .text.rcc_is_osc_ready
                0x0000000008001f10       0x58 /home/kvant666ubl/Desktop/stm32f103c8t6/libopencm3/lib/libopencm3_stm32f1.a(rcc.o)
                0x0000000008001f10                rcc_is_osc_ready
 .text.rcc_wait_for_osc_ready
                0x0000000008001f68       0x10 /home/kvant666ubl/Desktop/stm32f103c8t6/libopencm3/lib/libopencm3_stm32f1.a(rcc.o)
                0x0000000008001f68                rcc_wait_for_osc_ready
 .text.rcc_osc_on
                0x0000000008001f78       0x60 /home/kvant666ubl/Desktop/stm32f103c8t6/libopencm3/lib/libopencm3_stm32f1.a(rcc.o)
                0x0000000008001f78                rcc_osc_on
 .text.rcc_set_sysclk_source
                0x0000000008001fd8       0x14 /home/kvant666ubl/Desktop/stm32f103c8t6/libopencm3/lib/libopencm3_stm32f1.a(rcc.o)
                0x0000000008001fd8                rcc_set_sysclk_source
 .text.rcc_set_pll_multiplication_factor
                0x0000000008001fec       0x14 /home/kvant666ubl/Desktop/stm32f103c8t6/libopencm3/lib/libopencm3_stm32f1.a(rcc.o)
                0x0000000008001fec                rcc_set_pll_multiplication_factor
 .text.rcc_set_pll_source
                0x0000000008002000       0x14 /home/kvant666ubl/Desktop/stm32f103c8t6/libopencm3/lib/libopencm3_stm32f1.a(rcc.o)
                0x0000000008002000                rcc_set_pll_source
 .text.rcc_set_pllxtpre
                0x0000000008002014       0x14 /home/kvant666ubl/Desktop/stm32f103c8t6/libopencm3/lib/libopencm3_stm32f1.a(rcc.o)
                0x0000000008002014                rcc_set_pllxtpre
 .text.rcc_enable_rtc_clock
                0x0000000008002028       0x10 /home/kvant666ubl/Desktop/stm32f103c8t6/libopencm3/lib/libopencm3_stm32f1.a(rcc.o)
                0x0000000008002028                rcc_enable_rtc_clock
 .text.rcc_set_rtc_clock_source
                0x0000000008002038       0x84 /home/kvant666ubl/Desktop/stm32f103c8t6/libopencm3/lib/libopencm3_stm32f1.a(rcc.o)
                0x0000000008002038                rcc_set_rtc_clock_source
 .text.rcc_set_adcpre
                0x00000000080020bc       0x14 /home/kvant666ubl/Desktop/stm32f103c8t6/libopencm3/lib/libopencm3_stm32f1.a(rcc.o)
                0x00000000080020bc                rcc_set_adcpre
 .text.rcc_set_ppre2
                0x00000000080020d0       0x14 /home/kvant666ubl/Desktop/stm32f103c8t6/libopencm3/lib/libopencm3_stm32f1.a(rcc.o)
                0x00000000080020d0                rcc_set_ppre2
 .text.rcc_set_ppre1
                0x00000000080020e4       0x14 /home/kvant666ubl/Desktop/stm32f103c8t6/libopencm3/lib/libopencm3_stm32f1.a(rcc.o)
                0x00000000080020e4                rcc_set_ppre1
 .text.rcc_set_hpre
                0x00000000080020f8       0x14 /home/kvant666ubl/Desktop/stm32f103c8t6/libopencm3/lib/libopencm3_stm32f1.a(rcc.o)
                0x00000000080020f8                rcc_set_hpre
 .text.rcc_clock_setup_in_hse_8mhz_out_72mhz
                0x000000000800210c       0x88 /home/kvant666ubl/Desktop/stm32f103c8t6/libopencm3/lib/libopencm3_stm32f1.a(rcc.o)
                0x000000000800210c                rcc_clock_setup_in_hse_8mhz_out_72mhz
 .text.rcc_periph_clock_enable
                0x0000000008002194       0x1c /home/kvant666ubl/Desktop/stm32f103c8t6/libopencm3/lib/libopencm3_stm32f1.a(rcc_common_all.o)
                0x0000000008002194                rcc_periph_clock_enable
 .text.rtc_enter_config_mode
                0x00000000080021b0       0x1c /home/kvant666ubl/Desktop/stm32f103c8t6/libopencm3/lib/libopencm3_stm32f1.a(rtc.o)
                0x00000000080021b0                rtc_enter_config_mode
 .text.rtc_exit_config_mode
                0x00000000080021cc       0x1c /home/kvant666ubl/Desktop/stm32f103c8t6/libopencm3/lib/libopencm3_stm32f1.a(rtc.o)
                0x00000000080021cc                rtc_exit_config_mode
 .text.rtc_awake_from_off
                0x00000000080021e8       0x6c /home/kvant666ubl/Desktop/stm32f103c8t6/libopencm3/lib/libopencm3_stm32f1.a(rtc.o)
                0x00000000080021e8                rtc_awake_from_off
 .text.rtc_set_prescale_val
                0x0000000008002254       0x24 /home/kvant666ubl/Desktop/stm32f103c8t6/libopencm3/lib/libopencm3_stm32f1.a(rtc.o)
                0x0000000008002254                rtc_set_prescale_val
 .text.rtc_set_counter_val
                0x0000000008002278       0x20 /home/kvant666ubl/Desktop/stm32f103c8t6/libopencm3/lib/libopencm3_stm32f1.a(rtc.o)
                0x0000000008002278                rtc_set_counter_val
 .text.rtc_interrupt_enable
                0x0000000008002298       0x44 /home/kvant666ubl/Desktop/stm32f103c8t6/libopencm3/lib/libopencm3_stm32f1.a(rtc.o)
                0x0000000008002298                rtc_interrupt_enable
 .text.rtc_interrupt_disable
                0x00000000080022dc       0x44 /home/kvant666ubl/Desktop/stm32f103c8t6/libopencm3/lib/libopencm3_stm32f1.a(rtc.o)
                0x00000000080022dc                rtc_interrupt_disable
 .text.rtc_clear_flag
                0x0000000008002320       0x38 /home/kvant666ubl/Desktop/stm32f103c8t6/libopencm3/lib/libopencm3_stm32f1.a(rtc.o)
                0x0000000008002320                rtc_clear_flag
 .text.rtc_check_flag
                0x0000000008002358       0x38 /home/kvant666ubl/Desktop/stm32f103c8t6/libopencm3/lib/libopencm3_stm32f1.a(rtc.o)
                0x0000000008002358                rtc_check_flag
 .text.usart_send_blocking
                0x0000000008002390       0x16 /home/kvant666ubl/Desktop/stm32f103c8t6/libopencm3/lib/libopencm3_stm32f1.a(usart_common_all.o)
                0x0000000008002390                usart_send_blocking
 .text.usart_send
                0x00000000080023a6        0x8 /home/kvant666ubl/Desktop/stm32f103c8t6/libopencm3/lib/libopencm3_stm32f1.a(usart_common_f124.o)
                0x00000000080023a6                usart_send
 .text.usart_wait_send_ready
                0x00000000080023ae        0x8 /home/kvant666ubl/Desktop/stm32f103c8t6/libopencm3/lib/libopencm3_stm32f1.a(usart_common_f124.o)
                0x00000000080023ae                usart_wait_send_ready
 *fill*         0x00000000080023b6        0x2 
 .text.usbd_init
                0x00000000080023b8       0x54 /home/kvant666ubl/Desktop/stm32f103c8t6/libopencm3/lib/libopencm3_stm32f1.a(usb.o)
                0x00000000080023b8                usbd_init
 .text.usbd_poll
                0x000000000800240c        0x8 /home/kvant666ubl/Desktop/stm32f103c8t6/libopencm3/lib/libopencm3_stm32f1.a(usb.o)
                0x000000000800240c                usbd_poll
 .text.usbd_ep_setup
                0x0000000008002414        0xe /home/kvant666ubl/Desktop/stm32f103c8t6/libopencm3/lib/libopencm3_stm32f1.a(usb.o)
                0x0000000008002414                usbd_ep_setup
 .text._usbd_reset
                0x0000000008002422       0x32 /home/kvant666ubl/Desktop/stm32f103c8t6/libopencm3/lib/libopencm3_stm32f1.a(usb.o)
                0x0000000008002422                _usbd_reset
 .text.usbd_ep_write_packet
                0x0000000008002454        0xe /home/kvant666ubl/Desktop/stm32f103c8t6/libopencm3/lib/libopencm3_stm32f1.a(usb.o)
                0x0000000008002454                usbd_ep_write_packet
 .text.usbd_ep_read_packet
                0x0000000008002462        0xe /home/kvant666ubl/Desktop/stm32f103c8t6/libopencm3/lib/libopencm3_stm32f1.a(usb.o)
                0x0000000008002462                usbd_ep_read_packet
 .text.usbd_ep_stall_set
                0x0000000008002470        0x8 /home/kvant666ubl/Desktop/stm32f103c8t6/libopencm3/lib/libopencm3_stm32f1.a(usb.o)
                0x0000000008002470                usbd_ep_stall_set
 .text.usbd_ep_stall_get
                0x0000000008002478        0x8 /home/kvant666ubl/Desktop/stm32f103c8t6/libopencm3/lib/libopencm3_stm32f1.a(usb.o)
                0x0000000008002478                usbd_ep_stall_get
 .text.usbd_ep_nak_set
                0x0000000008002480        0x8 /home/kvant666ubl/Desktop/stm32f103c8t6/libopencm3/lib/libopencm3_stm32f1.a(usb.o)
                0x0000000008002480                usbd_ep_nak_set
 .text.usb_control_send_chunk
                0x0000000008002488       0x52 /home/kvant666ubl/Desktop/stm32f103c8t6/libopencm3/lib/libopencm3_stm32f1.a(usb_control.o)
 .text.usb_control_request_dispatch
                0x00000000080024da       0x60 /home/kvant666ubl/Desktop/stm32f103c8t6/libopencm3/lib/libopencm3_stm32f1.a(usb_control.o)
 .text.stall_transaction
                0x000000000800253a       0x14 /home/kvant666ubl/Desktop/stm32f103c8t6/libopencm3/lib/libopencm3_stm32f1.a(usb_control.o)
 .text.usb_control_recv_chunk
                0x000000000800254e       0x3c /home/kvant666ubl/Desktop/stm32f103c8t6/libopencm3/lib/libopencm3_stm32f1.a(usb_control.o)
 .text.usb_control_setup_read
                0x000000000800258a       0x66 /home/kvant666ubl/Desktop/stm32f103c8t6/libopencm3/lib/libopencm3_stm32f1.a(usb_control.o)
 .text.usbd_register_control_callback
                0x00000000080025f0       0x2c /home/kvant666ubl/Desktop/stm32f103c8t6/libopencm3/lib/libopencm3_stm32f1.a(usb_control.o)
                0x00000000080025f0                usbd_register_control_callback
 .text._usbd_control_setup
                0x000000000800261c       0x60 /home/kvant666ubl/Desktop/stm32f103c8t6/libopencm3/lib/libopencm3_stm32f1.a(usb_control.o)
                0x000000000800261c                _usbd_control_setup
 .text._usbd_control_out
                0x000000000800267c       0x82 /home/kvant666ubl/Desktop/stm32f103c8t6/libopencm3/lib/libopencm3_stm32f1.a(usb_control.o)
                0x000000000800267c                _usbd_control_out
 .text._usbd_control_in
                0x00000000080026fe       0x64 /home/kvant666ubl/Desktop/stm32f103c8t6/libopencm3/lib/libopencm3_stm32f1.a(usb_control.o)
                0x00000000080026fe                _usbd_control_in
 .text.usb_standard_set_address
                0x0000000008002762       0x28 /home/kvant666ubl/Desktop/stm32f103c8t6/libopencm3/lib/libopencm3_stm32f1.a(usb_standard.o)
 .text.usb_standard_set_configuration
                0x000000000800278a       0x92 /home/kvant666ubl/Desktop/stm32f103c8t6/libopencm3/lib/libopencm3_stm32f1.a(usb_standard.o)
 .text.usb_standard_get_configuration
                0x000000000800281c       0x22 /home/kvant666ubl/Desktop/stm32f103c8t6/libopencm3/lib/libopencm3_stm32f1.a(usb_standard.o)
 .text.usb_standard_set_interface
                0x000000000800283e       0x50 /home/kvant666ubl/Desktop/stm32f103c8t6/libopencm3/lib/libopencm3_stm32f1.a(usb_standard.o)
 .text.usb_standard_get_interface
                0x000000000800288e       0x34 /home/kvant666ubl/Desktop/stm32f103c8t6/libopencm3/lib/libopencm3_stm32f1.a(usb_standard.o)
 .text.usb_standard_device_get_status
                0x00000000080028c2       0x18 /home/kvant666ubl/Desktop/stm32f103c8t6/libopencm3/lib/libopencm3_stm32f1.a(usb_standard.o)
 .text.usb_standard_endpoint_get_status
                0x00000000080028da       0x2a /home/kvant666ubl/Desktop/stm32f103c8t6/libopencm3/lib/libopencm3_stm32f1.a(usb_standard.o)
 .text.usb_standard_endpoint_stall
                0x0000000008002904       0x10 /home/kvant666ubl/Desktop/stm32f103c8t6/libopencm3/lib/libopencm3_stm32f1.a(usb_standard.o)
 .text.usb_standard_endpoint_unstall
                0x0000000008002914       0x10 /home/kvant666ubl/Desktop/stm32f103c8t6/libopencm3/lib/libopencm3_stm32f1.a(usb_standard.o)
 .text.usb_standard_get_descriptor
                0x0000000008002924      0x2a6 /home/kvant666ubl/Desktop/stm32f103c8t6/libopencm3/lib/libopencm3_stm32f1.a(usb_standard.o)
 .text.usb_standard_interface_get_status
                0x0000000008002bca       0x18 /home/kvant666ubl/Desktop/stm32f103c8t6/libopencm3/lib/libopencm3_stm32f1.a(usb_standard.o)
 .text.usbd_register_set_config_callback
                0x0000000008002be2       0x2c /home/kvant666ubl/Desktop/stm32f103c8t6/libopencm3/lib/libopencm3_stm32f1.a(usb_standard.o)
                0x0000000008002be2                usbd_register_set_config_callback
 *fill*         0x0000000008002c0e        0x2 
 .text._usbd_standard_request_device
                0x0000000008002c10       0x48 /home/kvant666ubl/Desktop/stm32f103c8t6/libopencm3/lib/libopencm3_stm32f1.a(usb_standard.o)
                0x0000000008002c10                _usbd_standard_request_device
 .text._usbd_standard_request_interface
                0x0000000008002c58       0x30 /home/kvant666ubl/Desktop/stm32f103c8t6/libopencm3/lib/libopencm3_stm32f1.a(usb_standard.o)
                0x0000000008002c58                _usbd_standard_request_interface
 .text._usbd_standard_request_endpoint
                0x0000000008002c88       0x3c /home/kvant666ubl/Desktop/stm32f103c8t6/libopencm3/lib/libopencm3_stm32f1.a(usb_standard.o)
                0x0000000008002c88                _usbd_standard_request_endpoint
 .text._usbd_standard_request
                0x0000000008002cc4       0x30 /home/kvant666ubl/Desktop/stm32f103c8t6/libopencm3/lib/libopencm3_stm32f1.a(usb_standard.o)
                0x0000000008002cc4                _usbd_standard_request
 .text.st_usbfs_v1_usbd_init
                0x0000000008002cf4       0x30 /home/kvant666ubl/Desktop/stm32f103c8t6/libopencm3/lib/libopencm3_stm32f1.a(st_usbfs_v1.o)
 .text.st_usbfs_copy_to_pm
                0x0000000008002d24       0x18 /home/kvant666ubl/Desktop/stm32f103c8t6/libopencm3/lib/libopencm3_stm32f1.a(st_usbfs_v1.o)
                0x0000000008002d24                st_usbfs_copy_to_pm
 .text.st_usbfs_copy_from_pm
                0x0000000008002d3c       0x26 /home/kvant666ubl/Desktop/stm32f103c8t6/libopencm3/lib/libopencm3_stm32f1.a(st_usbfs_v1.o)
                0x0000000008002d3c                st_usbfs_copy_from_pm
 .text.blocking_handler
                0x0000000008002d62        0x2 /home/kvant666ubl/Desktop/stm32f103c8t6/libopencm3/lib/libopencm3_stm32f1.a(vector.o)
                0x0000000008002d62                tim7_isr
                0x0000000008002d62                adc1_2_isr
                0x0000000008002d62                tim1_trg_com_isr
                0x0000000008002d62                usb_hp_can_tx_isr
                0x0000000008002d62                tim6_isr
                0x0000000008002d62                usb_wakeup_isr
                0x0000000008002d62                blocking_handler
                0x0000000008002d62                tim5_isr
                0x0000000008002d62                otg_fs_isr
                0x0000000008002d62                spi1_isr
                0x0000000008002d62                exti2_isr
                0x0000000008002d62                dma1_channel6_isr
                0x0000000008002d62                can_rx1_isr
                0x0000000008002d62                dma1_channel5_isr
                0x0000000008002d62                dma2_channel5_isr
                0x0000000008002d62                usage_fault_handler
                0x0000000008002d62                tim8_trg_com_isr
                0x0000000008002d62                can2_rx0_isr
                0x0000000008002d62                tim1_brk_isr
                0x0000000008002d62                can2_rx1_isr
                0x0000000008002d62                tim1_cc_isr
                0x0000000008002d62                sdio_isr
                0x0000000008002d62                eth_isr
                0x0000000008002d62                dma1_channel4_isr
                0x0000000008002d62                tim8_brk_isr
                0x0000000008002d62                dma2_channel4_5_isr
                0x0000000008002d62                pvd_isr
                0x0000000008002d62                rcc_isr
                0x0000000008002d62                flash_isr
                0x0000000008002d62                uart4_isr
                0x0000000008002d62                rtc_alarm_isr
                0x0000000008002d62                exti15_10_isr
                0x0000000008002d62                hard_fault_handler
                0x0000000008002d62                exti1_isr
                0x0000000008002d62                i2c1_ev_isr
                0x0000000008002d62                dma2_channel1_isr
                0x0000000008002d62                spi2_isr
                0x0000000008002d62                tim8_up_isr
                0x0000000008002d62                dma2_channel2_isr
                0x0000000008002d62                exti3_isr
                0x0000000008002d62                adc3_isr
                0x0000000008002d62                tim3_isr
                0x0000000008002d62                usb_lp_can_rx0_isr
                0x0000000008002d62                i2c2_er_isr
                0x0000000008002d62                i2c2_ev_isr
                0x0000000008002d62                uart5_isr
                0x0000000008002d62                fsmc_isr
                0x0000000008002d62                dma1_channel1_isr
                0x0000000008002d62                exti4_isr
                0x0000000008002d62                mem_manage_handler
                0x0000000008002d62                can2_tx_isr
                0x0000000008002d62                exti9_5_isr
                0x0000000008002d62                dma2_channel3_isr
                0x0000000008002d62                dma1_channel7_isr
                0x0000000008002d62                tim1_up_isr
                0x0000000008002d62                can2_sce_isr
                0x0000000008002d62                tim4_isr
                0x0000000008002d62                dma1_channel2_isr
                0x0000000008002d62                i2c1_er_isr
                0x0000000008002d62                can_sce_isr
                0x0000000008002d62                tim8_cc_isr
                0x0000000008002d62                tamper_isr
                0x0000000008002d62                eth_wkup_isr
                0x0000000008002d62                bus_fault_handler
                0x0000000008002d62                wwdg_isr
                0x0000000008002d62                dma1_channel3_isr
                0x0000000008002d62                spi3_isr
                0x0000000008002d62                tim2_isr
                0x0000000008002d62                exti0_isr
 .text.null_handler
                0x0000000008002d64        0x2 /home/kvant666ubl/Desktop/stm32f103c8t6/libopencm3/lib/libopencm3_stm32f1.a(vector.o)
                0x0000000008002d64                null_handler
                0x0000000008002d64                debug_monitor_handler
                0x0000000008002d64                nmi_handler
 *fill*         0x0000000008002d66        0x2 
 .text.reset_handler
                0x0000000008002d68       0x94 /home/kvant666ubl/Desktop/stm32f103c8t6/libopencm3/lib/libopencm3_stm32f1.a(vector.o)
                0x0000000008002d68                reset_handler
 .text.nvic_enable_irq
                0x0000000008002dfc       0x1a /home/kvant666ubl/Desktop/stm32f103c8t6/libopencm3/lib/libopencm3_stm32f1.a(nvic.o)
                0x0000000008002dfc                nvic_enable_irq
 *fill*         0x0000000008002e16        0x2 
 .text.flash_set_ws
                0x0000000008002e18       0x14 /home/kvant666ubl/Desktop/stm32f103c8t6/libopencm3/lib/libopencm3_stm32f1.a(flash_common_all.o)
                0x0000000008002e18                flash_set_ws
 .text.pwr_disable_backup_domain_write_protect
                0x0000000008002e2c       0x10 /home/kvant666ubl/Desktop/stm32f103c8t6/libopencm3/lib/libopencm3_stm32f1.a(pwr_common_v1.o)
                0x0000000008002e2c                pwr_disable_backup_domain_write_protect
 .text.st_usbfs_set_address
                0x0000000008002e3c       0x10 /home/kvant666ubl/Desktop/stm32f103c8t6/libopencm3/lib/libopencm3_stm32f1.a(st_usbfs_core.o)
                0x0000000008002e3c                st_usbfs_set_address
 .text.st_usbfs_set_ep_rx_bufsize
                0x0000000008002e4c       0x44 /home/kvant666ubl/Desktop/stm32f103c8t6/libopencm3/lib/libopencm3_stm32f1.a(st_usbfs_core.o)
                0x0000000008002e4c                st_usbfs_set_ep_rx_bufsize
 .text.st_usbfs_ep_setup
                0x0000000008002e90      0x138 /home/kvant666ubl/Desktop/stm32f103c8t6/libopencm3/lib/libopencm3_stm32f1.a(st_usbfs_core.o)
                0x0000000008002e90                st_usbfs_ep_setup
 .text.st_usbfs_endpoints_reset
                0x0000000008002fc8       0x44 /home/kvant666ubl/Desktop/stm32f103c8t6/libopencm3/lib/libopencm3_stm32f1.a(st_usbfs_core.o)
                0x0000000008002fc8                st_usbfs_endpoints_reset
 .text.st_usbfs_ep_stall_set
                0x000000000800300c       0xc4 /home/kvant666ubl/Desktop/stm32f103c8t6/libopencm3/lib/libopencm3_stm32f1.a(st_usbfs_core.o)
                0x000000000800300c                st_usbfs_ep_stall_set
 .text.st_usbfs_ep_stall_get
                0x00000000080030d0       0x38 /home/kvant666ubl/Desktop/stm32f103c8t6/libopencm3/lib/libopencm3_stm32f1.a(st_usbfs_core.o)
                0x00000000080030d0                st_usbfs_ep_stall_get
 .text.st_usbfs_ep_nak_set
                0x0000000008003108       0x3c /home/kvant666ubl/Desktop/stm32f103c8t6/libopencm3/lib/libopencm3_stm32f1.a(st_usbfs_core.o)
                0x0000000008003108                st_usbfs_ep_nak_set
 .text.st_usbfs_ep_write_packet
                0x0000000008003144       0x88 /home/kvant666ubl/Desktop/stm32f103c8t6/libopencm3/lib/libopencm3_stm32f1.a(st_usbfs_core.o)
                0x0000000008003144                st_usbfs_ep_write_packet
 .text.st_usbfs_ep_read_packet
                0x00000000080031cc       0xb4 /home/kvant666ubl/Desktop/stm32f103c8t6/libopencm3/lib/libopencm3_stm32f1.a(st_usbfs_core.o)
                0x00000000080031cc                st_usbfs_ep_read_packet
 .text.st_usbfs_poll
                0x0000000008003280       0xf4 /home/kvant666ubl/Desktop/stm32f103c8t6/libopencm3/lib/libopencm3_stm32f1.a(st_usbfs_core.o)
                0x0000000008003280                st_usbfs_poll
 .text.memmove  0x0000000008003374       0xf8 /home/kvant666ubl/opt/gcc-arm-none-eabi-10-2020-q4-major/bin/../lib/gcc/arm-none-eabi/10.2.1/../../../../arm-none-eabi/lib/thumb/v7-m/nofp/libc.a(lib_a-memmove.o)
                0x0000000008003374                memmove
 .text.strlen   0x000000000800346c       0x5c /home/kvant666ubl/opt/gcc-arm-none-eabi-10-2020-q4-major/bin/../lib/gcc/arm-none-eabi/10.2.1/../../../../arm-none-eabi/lib/thumb/v7-m/nofp/libc.a(lib_a-strlen-stub.o)
                0x000000000800346c                strlen
                0x00000000080034c8                . = ALIGN (0x4)
 *(.rodata)
 *(.rodata*)
 .rodata.task2.str1.1
                0x00000000080034c8       0x1f main.o
 .rodata.set_time.str1.1
                0x00000000080034e7       0x30 main.o
 .rodata.task1.str1.1
                0x0000000008003517       0x9b main.o
 .rodata.main.str1.1
                0x00000000080035b2       0x12 main.o
 .rodata.vTaskStartScheduler.str1.1
                0x00000000080035c4        0x5 rtos/tasks.o
 .rodata.usb_start.str1.1
                0x00000000080035c9        0x4 /home/kvant666ubl/Desktop/stm32f103c8t6//rtos/libwwg/libwwg.a(usbcdc.o)
 .rodata.str1.1
                0x00000000080035cd       0x29 /home/kvant666ubl/Desktop/stm32f103c8t6//rtos/libwwg/libwwg.a(usbcdc.o)
 .rodata.cdcacm_functional_descriptors
                0x00000000080035f6       0x13 /home/kvant666ubl/Desktop/stm32f103c8t6//rtos/libwwg/libwwg.a(usbcdc.o)
 .rodata.comm_endp
                0x0000000008003609        0xf /home/kvant666ubl/Desktop/stm32f103c8t6//rtos/libwwg/libwwg.a(usbcdc.o)
 .rodata.comm_iface
                0x0000000008003618       0x15 /home/kvant666ubl/Desktop/stm32f103c8t6//rtos/libwwg/libwwg.a(usbcdc.o)
 .rodata.config
                0x000000000800362d        0xd /home/kvant666ubl/Desktop/stm32f103c8t6//rtos/libwwg/libwwg.a(usbcdc.o)
 .rodata.cr.0   0x000000000800363a        0x1 /home/kvant666ubl/Desktop/stm32f103c8t6//rtos/libwwg/libwwg.a(usbcdc.o)
 .rodata.data_endp
                0x000000000800363b       0x1e /home/kvant666ubl/Desktop/stm32f103c8t6//rtos/libwwg/libwwg.a(usbcdc.o)
 .rodata.data_iface
                0x0000000008003659       0x15 /home/kvant666ubl/Desktop/stm32f103c8t6//rtos/libwwg/libwwg.a(usbcdc.o)
 .rodata.dev    0x000000000800366e       0x12 /home/kvant666ubl/Desktop/stm32f103c8t6//rtos/libwwg/libwwg.a(usbcdc.o)
 .rodata.ifaces
                0x0000000008003680       0x20 /home/kvant666ubl/Desktop/stm32f103c8t6//rtos/libwwg/libwwg.a(usbcdc.o)
 .rodata.internal_vprintf.str1.1
                0x00000000080036a0        0x3 /home/kvant666ubl/Desktop/stm32f103c8t6//rtos/libwwg/libwwg.a(miniprintf.o)
 *fill*         0x00000000080036a3        0x1 
 .rodata.dev_usb
                0x00000000080036a4       0x20 /home/kvant666ubl/Desktop/stm32f103c8t6//rtos/libwwg/libwwg.a(mcuio.o)
 .rodata.uarts  0x00000000080036c4       0x3c /home/kvant666ubl/Desktop/stm32f103c8t6//rtos/libwwg/libwwg.a(uartlib.o)
 .rodata.st_usbfs_v1_usb_driver
                0x0000000008003700       0x34 /home/kvant666ubl/Desktop/stm32f103c8t6/libopencm3/lib/libopencm3_stm32f1.a(st_usbfs_v1.o)
                0x0000000008003700                st_usbfs_v1_usb_driver
                0x0000000008003734                . = ALIGN (0x4)

.glue_7         0x0000000008003734        0x0
 .glue_7        0x0000000008003734        0x0 linker stubs

.glue_7t        0x0000000008003734        0x0
 .glue_7t       0x0000000008003734        0x0 linker stubs

.vfp11_veneer   0x0000000008003734        0x0
 .vfp11_veneer  0x0000000008003734        0x0 linker stubs

.v4_bx          0x0000000008003734        0x0
 .v4_bx         0x0000000008003734        0x0 linker stubs

.iplt           0x0000000008003734        0x0
 .iplt          0x0000000008003734        0x0 main.o

.rel.dyn        0x0000000008003734        0x0
 .rel.iplt      0x0000000008003734        0x0 main.o

.preinit_array  0x0000000008003734        0x0
                0x0000000008003734                . = ALIGN (0x4)
                0x0000000008003734                __preinit_array_start = .
 *(.preinit_array)
                0x0000000008003734                __preinit_array_end = .

.init_array     0x0000000008003734        0x0
                0x0000000008003734                . = ALIGN (0x4)
                0x0000000008003734                __init_array_start = .
 *(SORT_BY_NAME(.init_array.*))
 *(.init_array)
                0x0000000008003734                __init_array_end = .

.fini_array     0x0000000008003734        0x0
                0x0000000008003734                . = ALIGN (0x4)
                0x0000000008003734                __fini_array_start = .
 *(.fini_array)
 *(SORT_BY_NAME(.fini_array.*))
                0x0000000008003734                __fini_array_end = .

.ARM.extab
 *(.ARM.extab*)

.ARM.exidx      0x0000000008003734        0x0
                0x0000000008003734                __exidx_start = .
 *(.ARM.exidx*)
                0x0000000008003734                __exidx_end = .
                0x0000000008003734                . = ALIGN (0x4)
                0x0000000008003734                _etext = .

.data           0x0000000020000000      0x450 load address 0x0000000008003734
                0x0000000020000000                _data = .
 *(.data)
 *(.data*)
 .data.uxCriticalNesting
                0x0000000020000000        0x4 rtos/port.o
 .data._impure_ptr
                0x0000000020000004        0x4 /home/kvant666ubl/opt/gcc-arm-none-eabi-10-2020-q4-major/bin/../lib/gcc/arm-none-eabi/10.2.1/../../../../arm-none-eabi/lib/thumb/v7-m/nofp/libc.a(lib_a-impure.o)
                0x0000000020000004                _impure_ptr
 .data.impure_data
                0x0000000020000008      0x428 /home/kvant666ubl/opt/gcc-arm-none-eabi-10-2020-q4-major/bin/../lib/gcc/arm-none-eabi/10.2.1/../../../../arm-none-eabi/lib/thumb/v7-m/nofp/libc.a(lib_a-impure.o)
 .data.usb_strings
                0x0000000020000430        0xc /home/kvant666ubl/Desktop/stm32f103c8t6//rtos/libwwg/libwwg.a(usbcdc.o)
 .data.mcu_stdio
                0x000000002000043c        0x4 /home/kvant666ubl/Desktop/stm32f103c8t6//rtos/libwwg/libwwg.a(mcuio.o)
                0x000000002000043c                mcu_stdio
 .data.mcu_usb  0x0000000020000440        0x4 /home/kvant666ubl/Desktop/stm32f103c8t6//rtos/libwwg/libwwg.a(mcuio.o)
                0x0000000020000440                mcu_usb
 .data.rcc_ahb_frequency
                0x0000000020000444        0x4 /home/kvant666ubl/Desktop/stm32f103c8t6/libopencm3/lib/libopencm3_stm32f1.a(rcc.o)
                0x0000000020000444                rcc_ahb_frequency
 .data.rcc_apb1_frequency
                0x0000000020000448        0x4 /home/kvant666ubl/Desktop/stm32f103c8t6/libopencm3/lib/libopencm3_stm32f1.a(rcc.o)
                0x0000000020000448                rcc_apb1_frequency
 .data.rcc_apb2_frequency
                0x000000002000044c        0x4 /home/kvant666ubl/Desktop/stm32f103c8t6/libopencm3/lib/libopencm3_stm32f1.a(rcc.o)
                0x000000002000044c                rcc_apb2_frequency
                0x0000000020000450                . = ALIGN (0x4)
                0x0000000020000450                _edata = .
                0x0000000008003734                _data_loadaddr = LOADADDR (.data)

.igot.plt       0x0000000020000450        0x0 load address 0x0000000008003b84
 .igot.plt      0x0000000020000450        0x0 main.o

.bss            0x0000000020000450     0x46d8 load address 0x0000000008003b84
 *(.bss)
 *(.bss*)
 .bss.alarm     0x0000000020000450        0x4 main.o
 .bss.days      0x0000000020000454        0x4 main.o
 .bss.h_mutex   0x0000000020000458        0x4 main.o
 .bss.h_task2   0x000000002000045c        0x4 main.o
 .bss.h_task3   0x0000000020000460        0x4 main.o
 .bss.hours     0x0000000020000464        0x4 main.o
 .bss.minutes   0x0000000020000468        0x4 main.o
 .bss.rtc_alarm_count
                0x000000002000046c        0x4 main.o
 .bss.rtc_isr_count
                0x0000000020000470        0x4 main.o
 .bss.rtc_overflow_count
                0x0000000020000474        0x4 main.o
 .bss.seconds   0x0000000020000478        0x4 main.o
 .bss.pxEnd     0x000000002000047c        0x4 rtos/heap_4.o
 .bss.ucHeap    0x0000000020000480     0x4400 rtos/heap_4.o
 .bss.xBlockAllocatedBit
                0x0000000020004880        0x4 rtos/heap_4.o
 .bss.xFreeBytesRemaining
                0x0000000020004884        0x4 rtos/heap_4.o
 .bss.xMinimumEverFreeBytesRemaining
                0x0000000020004888        0x4 rtos/heap_4.o
 .bss.xStart    0x000000002000488c        0x8 rtos/heap_4.o
 .bss.pxCurrentTCB
                0x0000000020004894        0x4 rtos/tasks.o
                0x0000000020004894                pxCurrentTCB
 .bss.pxDelayedTaskList
                0x0000000020004898        0x4 rtos/tasks.o
 .bss.pxOverflowDelayedTaskList
                0x000000002000489c        0x4 rtos/tasks.o
 .bss.pxReadyTasksLists
                0x00000000200048a0       0x64 rtos/tasks.o
 .bss.uxCurrentNumberOfTasks
                0x0000000020004904        0x4 rtos/tasks.o
 .bss.uxPendedTicks
                0x0000000020004908        0x4 rtos/tasks.o
 .bss.uxSchedulerSuspended
                0x000000002000490c        0x4 rtos/tasks.o
 .bss.uxTaskNumber
                0x0000000020004910        0x4 rtos/tasks.o
 .bss.uxTopReadyPriority
                0x0000000020004914        0x4 rtos/tasks.o
 .bss.xDelayedTaskList1
                0x0000000020004918       0x14 rtos/tasks.o
 .bss.xDelayedTaskList2
                0x000000002000492c       0x14 rtos/tasks.o
 .bss.xIdleTaskHandle
                0x0000000020004940        0x4 rtos/tasks.o
 .bss.xNextTaskUnblockTime
                0x0000000020004944        0x4 rtos/tasks.o
 .bss.xNumOfOverflows
                0x0000000020004948        0x4 rtos/tasks.o
 .bss.xPendingReadyList
                0x000000002000494c       0x14 rtos/tasks.o
 .bss.xSchedulerRunning
                0x0000000020004960        0x4 rtos/tasks.o
 .bss.xSuspendedTaskList
                0x0000000020004964       0x14 rtos/tasks.o
 .bss.xTickCount
                0x0000000020004978        0x4 rtos/tasks.o
 .bss.xYieldPending
                0x000000002000497c        0x4 rtos/tasks.o
 .bss.errno     0x0000000020004980        0x4 /home/kvant666ubl/opt/gcc-arm-none-eabi-10-2020-q4-major/bin/../lib/gcc/arm-none-eabi/10.2.1/../../../../arm-none-eabi/lib/thumb/v7-m/nofp/libc.a(lib_a-reent.o)
                0x0000000020004980                errno
 .bss.initialized
                0x0000000020004984        0x1 /home/kvant666ubl/Desktop/stm32f103c8t6//rtos/libwwg/libwwg.a(usbcdc.o)
 *fill*         0x0000000020004985        0x3 
 .bss.usb_rxq   0x0000000020004988        0x4 /home/kvant666ubl/Desktop/stm32f103c8t6//rtos/libwwg/libwwg.a(usbcdc.o)
 .bss.usb_txq   0x000000002000498c        0x4 /home/kvant666ubl/Desktop/stm32f103c8t6//rtos/libwwg/libwwg.a(usbcdc.o)
 .bss.usbd_control_buffer
                0x0000000020004990       0x80 /home/kvant666ubl/Desktop/stm32f103c8t6//rtos/libwwg/libwwg.a(usbcdc.o)
                0x0000000020004990                usbd_control_buffer
 .bss.uart_data
                0x0000000020004a10        0xc /home/kvant666ubl/Desktop/stm32f103c8t6//rtos/libwwg/libwwg.a(uartlib.o)
 .bss.st_usbfs_dev
                0x0000000020004a1c      0x104 /home/kvant666ubl/Desktop/stm32f103c8t6/libopencm3/lib/libopencm3_stm32f1.a(st_usbfs_core.o)
                0x0000000020004a1c                st_usbfs_dev
 .bss.st_usbfs_force_nak
                0x0000000020004b20        0x8 /home/kvant666ubl/Desktop/stm32f103c8t6/libopencm3/lib/libopencm3_stm32f1.a(st_usbfs_core.o)
                0x0000000020004b20                st_usbfs_force_nak
 *(COMMON)
                0x0000000020004b28                . = ALIGN (0x4)
                0x0000000020004b28                _ebss = .

/DISCARD/
 *(.eh_frame)
                0x0000000020004b28                . = ALIGN (0x4)
                0x0000000020004b28                end = .
                0x0000000020005000                PROVIDE (_stack = (ORIGIN (ram) + LENGTH (ram)))
OUTPUT(main.elf elf32-littlearm)
LOAD linker stubs

.debug_info     0x0000000000000000    0x11001
 .debug_info    0x0000000000000000      0xf8f main.o
 .debug_info    0x0000000000000f8f      0x40b rtos/heap_4.o
 .debug_info    0x000000000000139a      0x2ce rtos/list.o
 .debug_info    0x0000000000001668      0x328 rtos/port.o
 .debug_info    0x0000000000001990     0x14b9 rtos/queue.o
 .debug_info    0x0000000000002e49     0x1f4f rtos/tasks.o
 .debug_info    0x0000000000004d98       0xf7 rtos/opencm3.o
 .debug_info    0x0000000000004e8f     0x1303 /home/kvant666ubl/Desktop/stm32f103c8t6//rtos/libwwg/libwwg.a(usbcdc.o)
 .debug_info    0x0000000000006192      0x92e /home/kvant666ubl/Desktop/stm32f103c8t6//rtos/libwwg/libwwg.a(miniprintf.o)
 .debug_info    0x0000000000006ac0      0x394 /home/kvant666ubl/Desktop/stm32f103c8t6//rtos/libwwg/libwwg.a(mcuio.o)
 .debug_info    0x0000000000006e54      0x2c5 /home/kvant666ubl/Desktop/stm32f103c8t6//rtos/libwwg/libwwg.a(getline.o)
 .debug_info    0x0000000000007119     0x1407 /home/kvant666ubl/Desktop/stm32f103c8t6//rtos/libwwg/libwwg.a(uartlib.o)
 .debug_info    0x0000000000008520      0x210 /home/kvant666ubl/Desktop/stm32f103c8t6/libopencm3/lib/libopencm3_stm32f1.a(gpio.o)
 .debug_info    0x0000000000008730      0x266 /home/kvant666ubl/Desktop/stm32f103c8t6/libopencm3/lib/libopencm3_stm32f1.a(gpio_common_all.o)
 .debug_info    0x0000000000008996     0x1574 /home/kvant666ubl/Desktop/stm32f103c8t6/libopencm3/lib/libopencm3_stm32f1.a(rcc.o)
 .debug_info    0x0000000000009f0a      0x63d /home/kvant666ubl/Desktop/stm32f103c8t6/libopencm3/lib/libopencm3_stm32f1.a(rcc_common_all.o)
 .debug_info    0x000000000000a547      0x70a /home/kvant666ubl/Desktop/stm32f103c8t6/libopencm3/lib/libopencm3_stm32f1.a(rtc.o)
 .debug_info    0x000000000000ac51      0x5a4 /home/kvant666ubl/Desktop/stm32f103c8t6/libopencm3/lib/libopencm3_stm32f1.a(usart_common_all.o)
 .debug_info    0x000000000000b1f5      0x19e /home/kvant666ubl/Desktop/stm32f103c8t6/libopencm3/lib/libopencm3_stm32f1.a(usart_common_f124.o)
 .debug_info    0x000000000000b393      0xf7e /home/kvant666ubl/Desktop/stm32f103c8t6/libopencm3/lib/libopencm3_stm32f1.a(usb.o)
 .debug_info    0x000000000000c311     0x105d /home/kvant666ubl/Desktop/stm32f103c8t6/libopencm3/lib/libopencm3_stm32f1.a(usb_control.o)
 .debug_info    0x000000000000d36e     0x168c /home/kvant666ubl/Desktop/stm32f103c8t6/libopencm3/lib/libopencm3_stm32f1.a(usb_standard.o)
 .debug_info    0x000000000000e9fa      0xd9c /home/kvant666ubl/Desktop/stm32f103c8t6/libopencm3/lib/libopencm3_stm32f1.a(st_usbfs_v1.o)
 .debug_info    0x000000000000f796      0x2dd /home/kvant666ubl/Desktop/stm32f103c8t6/libopencm3/lib/libopencm3_stm32f1.a(vector.o)
 .debug_info    0x000000000000fa73      0x251 /home/kvant666ubl/Desktop/stm32f103c8t6/libopencm3/lib/libopencm3_stm32f1.a(nvic.o)
 .debug_info    0x000000000000fcc4       0xf6 /home/kvant666ubl/Desktop/stm32f103c8t6/libopencm3/lib/libopencm3_stm32f1.a(flash_common_all.o)
 .debug_info    0x000000000000fdba      0x1bc /home/kvant666ubl/Desktop/stm32f103c8t6/libopencm3/lib/libopencm3_stm32f1.a(pwr_common_v1.o)
 .debug_info    0x000000000000ff76     0x108b /home/kvant666ubl/Desktop/stm32f103c8t6/libopencm3/lib/libopencm3_stm32f1.a(st_usbfs_core.o)

.debug_abbrev   0x0000000000000000     0x3a24
 .debug_abbrev  0x0000000000000000      0x372 main.o
 .debug_abbrev  0x0000000000000372      0x23a rtos/heap_4.o
 .debug_abbrev  0x00000000000005ac       0xff rtos/list.o
 .debug_abbrev  0x00000000000006ab      0x223 rtos/port.o
 .debug_abbrev  0x00000000000008ce      0x2c6 rtos/queue.o
 .debug_abbrev  0x0000000000000b94      0x425 rtos/tasks.o
 .debug_abbrev  0x0000000000000fb9       0x67 rtos/opencm3.o
 .debug_abbrev  0x0000000000001020      0x3ab /home/kvant666ubl/Desktop/stm32f103c8t6//rtos/libwwg/libwwg.a(usbcdc.o)
 .debug_abbrev  0x00000000000013cb      0x390 /home/kvant666ubl/Desktop/stm32f103c8t6//rtos/libwwg/libwwg.a(miniprintf.o)
 .debug_abbrev  0x000000000000175b      0x181 /home/kvant666ubl/Desktop/stm32f103c8t6//rtos/libwwg/libwwg.a(mcuio.o)
 .debug_abbrev  0x00000000000018dc      0x11a /home/kvant666ubl/Desktop/stm32f103c8t6//rtos/libwwg/libwwg.a(getline.o)
 .debug_abbrev  0x00000000000019f6      0x35c /home/kvant666ubl/Desktop/stm32f103c8t6//rtos/libwwg/libwwg.a(uartlib.o)
 .debug_abbrev  0x0000000000001d52       0xd0 /home/kvant666ubl/Desktop/stm32f103c8t6/libopencm3/lib/libopencm3_stm32f1.a(gpio.o)
 .debug_abbrev  0x0000000000001e22      0x116 /home/kvant666ubl/Desktop/stm32f103c8t6/libopencm3/lib/libopencm3_stm32f1.a(gpio_common_all.o)
 .debug_abbrev  0x0000000000001f38      0x282 /home/kvant666ubl/Desktop/stm32f103c8t6/libopencm3/lib/libopencm3_stm32f1.a(rcc.o)
 .debug_abbrev  0x00000000000021ba      0x17c /home/kvant666ubl/Desktop/stm32f103c8t6/libopencm3/lib/libopencm3_stm32f1.a(rcc_common_all.o)
 .debug_abbrev  0x0000000000002336      0x1af /home/kvant666ubl/Desktop/stm32f103c8t6/libopencm3/lib/libopencm3_stm32f1.a(rtc.o)
 .debug_abbrev  0x00000000000024e5      0x129 /home/kvant666ubl/Desktop/stm32f103c8t6/libopencm3/lib/libopencm3_stm32f1.a(usart_common_all.o)
 .debug_abbrev  0x000000000000260e       0xb5 /home/kvant666ubl/Desktop/stm32f103c8t6/libopencm3/lib/libopencm3_stm32f1.a(usart_common_f124.o)
 .debug_abbrev  0x00000000000026c3      0x27c /home/kvant666ubl/Desktop/stm32f103c8t6/libopencm3/lib/libopencm3_stm32f1.a(usb.o)
 .debug_abbrev  0x000000000000293f      0x3a8 /home/kvant666ubl/Desktop/stm32f103c8t6/libopencm3/lib/libopencm3_stm32f1.a(usb_control.o)
 .debug_abbrev  0x0000000000002ce7      0x4a9 /home/kvant666ubl/Desktop/stm32f103c8t6/libopencm3/lib/libopencm3_stm32f1.a(usb_standard.o)
 .debug_abbrev  0x0000000000003190      0x277 /home/kvant666ubl/Desktop/stm32f103c8t6/libopencm3/lib/libopencm3_stm32f1.a(st_usbfs_v1.o)
 .debug_abbrev  0x0000000000003407      0x145 /home/kvant666ubl/Desktop/stm32f103c8t6/libopencm3/lib/libopencm3_stm32f1.a(vector.o)
 .debug_abbrev  0x000000000000354c       0xb5 /home/kvant666ubl/Desktop/stm32f103c8t6/libopencm3/lib/libopencm3_stm32f1.a(nvic.o)
 .debug_abbrev  0x0000000000003601       0x97 /home/kvant666ubl/Desktop/stm32f103c8t6/libopencm3/lib/libopencm3_stm32f1.a(flash_common_all.o)
 .debug_abbrev  0x0000000000003698       0x9f /home/kvant666ubl/Desktop/stm32f103c8t6/libopencm3/lib/libopencm3_stm32f1.a(pwr_common_v1.o)
 .debug_abbrev  0x0000000000003737      0x2ed /home/kvant666ubl/Desktop/stm32f103c8t6/libopencm3/lib/libopencm3_stm32f1.a(st_usbfs_core.o)

.debug_loc      0x0000000000000000     0x8627
 .debug_loc     0x0000000000000000      0x1e0 main.o
 .debug_loc     0x00000000000001e0      0x361 rtos/heap_4.o
 .debug_loc     0x0000000000000541       0xaf rtos/list.o
 .debug_loc     0x00000000000005f0       0xbe rtos/port.o
 .debug_loc     0x00000000000006ae     0x106a rtos/queue.o
 .debug_loc     0x0000000000001718     0x16a3 rtos/tasks.o
 .debug_loc     0x0000000000002dbb      0x4ea /home/kvant666ubl/Desktop/stm32f103c8t6//rtos/libwwg/libwwg.a(usbcdc.o)
 .debug_loc     0x00000000000032a5      0xa2a /home/kvant666ubl/Desktop/stm32f103c8t6//rtos/libwwg/libwwg.a(miniprintf.o)
 .debug_loc     0x0000000000003ccf       0x4f /home/kvant666ubl/Desktop/stm32f103c8t6//rtos/libwwg/libwwg.a(mcuio.o)
 .debug_loc     0x0000000000003d1e      0x2d5 /home/kvant666ubl/Desktop/stm32f103c8t6//rtos/libwwg/libwwg.a(getline.o)
 .debug_loc     0x0000000000003ff3      0xda9 /home/kvant666ubl/Desktop/stm32f103c8t6//rtos/libwwg/libwwg.a(uartlib.o)
 .debug_loc     0x0000000000004d9c      0x14c /home/kvant666ubl/Desktop/stm32f103c8t6/libopencm3/lib/libopencm3_stm32f1.a(gpio.o)
 .debug_loc     0x0000000000004ee8       0xbe /home/kvant666ubl/Desktop/stm32f103c8t6/libopencm3/lib/libopencm3_stm32f1.a(gpio_common_all.o)
 .debug_loc     0x0000000000004fa6      0x3d0 /home/kvant666ubl/Desktop/stm32f103c8t6/libopencm3/lib/libopencm3_stm32f1.a(rcc.o)
 .debug_loc     0x0000000000005376       0x94 /home/kvant666ubl/Desktop/stm32f103c8t6/libopencm3/lib/libopencm3_stm32f1.a(rcc_common_all.o)
 .debug_loc     0x000000000000540a      0x268 /home/kvant666ubl/Desktop/stm32f103c8t6/libopencm3/lib/libopencm3_stm32f1.a(rtc.o)
 .debug_loc     0x0000000000005672      0x14d /home/kvant666ubl/Desktop/stm32f103c8t6/libopencm3/lib/libopencm3_stm32f1.a(usart_common_all.o)
 .debug_loc     0x00000000000057bf       0x99 /home/kvant666ubl/Desktop/stm32f103c8t6/libopencm3/lib/libopencm3_stm32f1.a(usart_common_f124.o)
 .debug_loc     0x0000000000005858      0x544 /home/kvant666ubl/Desktop/stm32f103c8t6/libopencm3/lib/libopencm3_stm32f1.a(usb.o)
 .debug_loc     0x0000000000005d9c      0x861 /home/kvant666ubl/Desktop/stm32f103c8t6/libopencm3/lib/libopencm3_stm32f1.a(usb_control.o)
 .debug_loc     0x00000000000065fd     0x133d /home/kvant666ubl/Desktop/stm32f103c8t6/libopencm3/lib/libopencm3_stm32f1.a(usb_standard.o)
 .debug_loc     0x000000000000793a      0x1de /home/kvant666ubl/Desktop/stm32f103c8t6/libopencm3/lib/libopencm3_stm32f1.a(st_usbfs_v1.o)
 .debug_loc     0x0000000000007b18      0x128 /home/kvant666ubl/Desktop/stm32f103c8t6/libopencm3/lib/libopencm3_stm32f1.a(vector.o)
 .debug_loc     0x0000000000007c40      0x14d /home/kvant666ubl/Desktop/stm32f103c8t6/libopencm3/lib/libopencm3_stm32f1.a(nvic.o)
 .debug_loc     0x0000000000007d8d       0x15 /home/kvant666ubl/Desktop/stm32f103c8t6/libopencm3/lib/libopencm3_stm32f1.a(flash_common_all.o)
 .debug_loc     0x0000000000007da2      0x885 /home/kvant666ubl/Desktop/stm32f103c8t6/libopencm3/lib/libopencm3_stm32f1.a(st_usbfs_core.o)

.debug_aranges  0x0000000000000000      0xd78
 .debug_aranges
                0x0000000000000000       0x58 main.o
 .debug_aranges
                0x0000000000000058       0x48 rtos/heap_4.o
 .debug_aranges
                0x00000000000000a0       0x40 rtos/list.o
 .debug_aranges
                0x00000000000000e0       0x70 rtos/port.o
 .debug_aranges
                0x0000000000000150       0xa8 rtos/queue.o
 .debug_aranges
                0x00000000000001f8      0x150 rtos/tasks.o
 .debug_aranges
                0x0000000000000348       0x30 rtos/opencm3.o
 .debug_aranges
                0x0000000000000378       0x98 /home/kvant666ubl/Desktop/stm32f103c8t6//rtos/libwwg/libwwg.a(usbcdc.o)
 .debug_aranges
                0x0000000000000410       0x58 /home/kvant666ubl/Desktop/stm32f103c8t6//rtos/libwwg/libwwg.a(miniprintf.o)
 .debug_aranges
                0x0000000000000468       0x28 /home/kvant666ubl/Desktop/stm32f103c8t6//rtos/libwwg/libwwg.a(mcuio.o)
 .debug_aranges
                0x0000000000000490       0x20 /home/kvant666ubl/Desktop/stm32f103c8t6//rtos/libwwg/libwwg.a(getline.o)
 .debug_aranges
                0x00000000000004b0      0x140 /home/kvant666ubl/Desktop/stm32f103c8t6//rtos/libwwg/libwwg.a(uartlib.o)
 .debug_aranges
                0x00000000000005f0       0x38 /home/kvant666ubl/Desktop/stm32f103c8t6/libopencm3/lib/libopencm3_stm32f1.a(gpio.o)
 .debug_aranges
                0x0000000000000628       0x50 /home/kvant666ubl/Desktop/stm32f103c8t6/libopencm3/lib/libopencm3_stm32f1.a(gpio_common_all.o)
 .debug_aranges
                0x0000000000000678      0x170 /home/kvant666ubl/Desktop/stm32f103c8t6/libopencm3/lib/libopencm3_stm32f1.a(rcc.o)
 .debug_aranges
                0x00000000000007e8       0x60 /home/kvant666ubl/Desktop/stm32f103c8t6/libopencm3/lib/libopencm3_stm32f1.a(rcc_common_all.o)
 .debug_aranges
                0x0000000000000848       0xa0 /home/kvant666ubl/Desktop/stm32f103c8t6/libopencm3/lib/libopencm3_stm32f1.a(rtc.o)
 .debug_aranges
                0x00000000000008e8       0xd8 /home/kvant666ubl/Desktop/stm32f103c8t6/libopencm3/lib/libopencm3_stm32f1.a(usart_common_all.o)
 .debug_aranges
                0x00000000000009c0       0x40 /home/kvant666ubl/Desktop/stm32f103c8t6/libopencm3/lib/libopencm3_stm32f1.a(usart_common_f124.o)
 .debug_aranges
                0x0000000000000a00       0x90 /home/kvant666ubl/Desktop/stm32f103c8t6/libopencm3/lib/libopencm3_stm32f1.a(usb.o)
 .debug_aranges
                0x0000000000000a90       0x60 /home/kvant666ubl/Desktop/stm32f103c8t6/libopencm3/lib/libopencm3_stm32f1.a(usb_control.o)
 .debug_aranges
                0x0000000000000af0       0x98 /home/kvant666ubl/Desktop/stm32f103c8t6/libopencm3/lib/libopencm3_stm32f1.a(usb_standard.o)
 .debug_aranges
                0x0000000000000b88       0x30 /home/kvant666ubl/Desktop/stm32f103c8t6/libopencm3/lib/libopencm3_stm32f1.a(st_usbfs_v1.o)
 .debug_aranges
                0x0000000000000bb8       0x30 /home/kvant666ubl/Desktop/stm32f103c8t6/libopencm3/lib/libopencm3_stm32f1.a(vector.o)
 .debug_aranges
                0x0000000000000be8       0x60 /home/kvant666ubl/Desktop/stm32f103c8t6/libopencm3/lib/libopencm3_stm32f1.a(nvic.o)
 .debug_aranges
                0x0000000000000c48       0x38 /home/kvant666ubl/Desktop/stm32f103c8t6/libopencm3/lib/libopencm3_stm32f1.a(flash_common_all.o)
 .debug_aranges
                0x0000000000000c80       0x90 /home/kvant666ubl/Desktop/stm32f103c8t6/libopencm3/lib/libopencm3_stm32f1.a(pwr_common_v1.o)
 .debug_aranges
                0x0000000000000d10       0x68 /home/kvant666ubl/Desktop/stm32f103c8t6/libopencm3/lib/libopencm3_stm32f1.a(st_usbfs_core.o)

.debug_ranges   0x0000000000000000     0x11f0
 .debug_ranges  0x0000000000000000       0xb0 main.o
 .debug_ranges  0x00000000000000b0       0x38 rtos/heap_4.o
 .debug_ranges  0x00000000000000e8       0x30 rtos/list.o
 .debug_ranges  0x0000000000000118       0x78 rtos/port.o
 .debug_ranges  0x0000000000000190      0x208 rtos/queue.o
 .debug_ranges  0x0000000000000398      0x280 rtos/tasks.o
 .debug_ranges  0x0000000000000618       0x20 rtos/opencm3.o
 .debug_ranges  0x0000000000000638       0xa0 /home/kvant666ubl/Desktop/stm32f103c8t6//rtos/libwwg/libwwg.a(usbcdc.o)
 .debug_ranges  0x00000000000006d8       0x90 /home/kvant666ubl/Desktop/stm32f103c8t6//rtos/libwwg/libwwg.a(miniprintf.o)
 .debug_ranges  0x0000000000000768       0x18 /home/kvant666ubl/Desktop/stm32f103c8t6//rtos/libwwg/libwwg.a(mcuio.o)
 .debug_ranges  0x0000000000000780       0x58 /home/kvant666ubl/Desktop/stm32f103c8t6//rtos/libwwg/libwwg.a(getline.o)
 .debug_ranges  0x00000000000007d8      0x148 /home/kvant666ubl/Desktop/stm32f103c8t6//rtos/libwwg/libwwg.a(uartlib.o)
 .debug_ranges  0x0000000000000920       0x28 /home/kvant666ubl/Desktop/stm32f103c8t6/libopencm3/lib/libopencm3_stm32f1.a(gpio.o)
 .debug_ranges  0x0000000000000948       0x40 /home/kvant666ubl/Desktop/stm32f103c8t6/libopencm3/lib/libopencm3_stm32f1.a(gpio_common_all.o)
 .debug_ranges  0x0000000000000988      0x208 /home/kvant666ubl/Desktop/stm32f103c8t6/libopencm3/lib/libopencm3_stm32f1.a(rcc.o)
 .debug_ranges  0x0000000000000b90       0x50 /home/kvant666ubl/Desktop/stm32f103c8t6/libopencm3/lib/libopencm3_stm32f1.a(rcc_common_all.o)
 .debug_ranges  0x0000000000000be0       0x90 /home/kvant666ubl/Desktop/stm32f103c8t6/libopencm3/lib/libopencm3_stm32f1.a(rtc.o)
 .debug_ranges  0x0000000000000c70       0xc8 /home/kvant666ubl/Desktop/stm32f103c8t6/libopencm3/lib/libopencm3_stm32f1.a(usart_common_all.o)
 .debug_ranges  0x0000000000000d38       0x30 /home/kvant666ubl/Desktop/stm32f103c8t6/libopencm3/lib/libopencm3_stm32f1.a(usart_common_f124.o)
 .debug_ranges  0x0000000000000d68       0x80 /home/kvant666ubl/Desktop/stm32f103c8t6/libopencm3/lib/libopencm3_stm32f1.a(usb.o)
 .debug_ranges  0x0000000000000de8       0xa8 /home/kvant666ubl/Desktop/stm32f103c8t6/libopencm3/lib/libopencm3_stm32f1.a(usb_control.o)
 .debug_ranges  0x0000000000000e90      0x120 /home/kvant666ubl/Desktop/stm32f103c8t6/libopencm3/lib/libopencm3_stm32f1.a(usb_standard.o)
 .debug_ranges  0x0000000000000fb0       0x20 /home/kvant666ubl/Desktop/stm32f103c8t6/libopencm3/lib/libopencm3_stm32f1.a(st_usbfs_v1.o)
 .debug_ranges  0x0000000000000fd0       0x20 /home/kvant666ubl/Desktop/stm32f103c8t6/libopencm3/lib/libopencm3_stm32f1.a(vector.o)
 .debug_ranges  0x0000000000000ff0       0x50 /home/kvant666ubl/Desktop/stm32f103c8t6/libopencm3/lib/libopencm3_stm32f1.a(nvic.o)
 .debug_ranges  0x0000000000001040       0x28 /home/kvant666ubl/Desktop/stm32f103c8t6/libopencm3/lib/libopencm3_stm32f1.a(flash_common_all.o)
 .debug_ranges  0x0000000000001068       0x80 /home/kvant666ubl/Desktop/stm32f103c8t6/libopencm3/lib/libopencm3_stm32f1.a(pwr_common_v1.o)
 .debug_ranges  0x00000000000010e8      0x108 /home/kvant666ubl/Desktop/stm32f103c8t6/libopencm3/lib/libopencm3_stm32f1.a(st_usbfs_core.o)

.debug_line     0x0000000000000000     0xb6c8
 .debug_line    0x0000000000000000      0x7bc main.o
 .debug_line    0x00000000000007bc      0x4a9 rtos/heap_4.o
 .debug_line    0x0000000000000c65      0x2ad rtos/list.o
 .debug_line    0x0000000000000f12      0x344 rtos/port.o
 .debug_line    0x0000000000001256      0xc50 rtos/queue.o
 .debug_line    0x0000000000001ea6     0x1727 rtos/tasks.o
 .debug_line    0x00000000000035cd       0x6b rtos/opencm3.o
 .debug_line    0x0000000000003638      0x737 /home/kvant666ubl/Desktop/stm32f103c8t6//rtos/libwwg/libwwg.a(usbcdc.o)
 .debug_line    0x0000000000003d6f      0x59e /home/kvant666ubl/Desktop/stm32f103c8t6//rtos/libwwg/libwwg.a(miniprintf.o)
 .debug_line    0x000000000000430d      0x15b /home/kvant666ubl/Desktop/stm32f103c8t6//rtos/libwwg/libwwg.a(mcuio.o)
 .debug_line    0x0000000000004468      0x311 /home/kvant666ubl/Desktop/stm32f103c8t6//rtos/libwwg/libwwg.a(getline.o)
 .debug_line    0x0000000000004779      0xb0f /home/kvant666ubl/Desktop/stm32f103c8t6//rtos/libwwg/libwwg.a(uartlib.o)
 .debug_line    0x0000000000005288      0x3fb /home/kvant666ubl/Desktop/stm32f103c8t6/libopencm3/lib/libopencm3_stm32f1.a(gpio.o)
 .debug_line    0x0000000000005683      0x405 /home/kvant666ubl/Desktop/stm32f103c8t6/libopencm3/lib/libopencm3_stm32f1.a(gpio_common_all.o)
 .debug_line    0x0000000000005a88      0xdb2 /home/kvant666ubl/Desktop/stm32f103c8t6/libopencm3/lib/libopencm3_stm32f1.a(rcc.o)
 .debug_line    0x000000000000683a      0x464 /home/kvant666ubl/Desktop/stm32f103c8t6/libopencm3/lib/libopencm3_stm32f1.a(rcc_common_all.o)
 .debug_line    0x0000000000006c9e      0x77c /home/kvant666ubl/Desktop/stm32f103c8t6/libopencm3/lib/libopencm3_stm32f1.a(rtc.o)
 .debug_line    0x000000000000741a      0x678 /home/kvant666ubl/Desktop/stm32f103c8t6/libopencm3/lib/libopencm3_stm32f1.a(usart_common_all.o)
 .debug_line    0x0000000000007a92      0x3fa /home/kvant666ubl/Desktop/stm32f103c8t6/libopencm3/lib/libopencm3_stm32f1.a(usart_common_f124.o)
 .debug_line    0x0000000000007e8c      0x57c /home/kvant666ubl/Desktop/stm32f103c8t6/libopencm3/lib/libopencm3_stm32f1.a(usb.o)
 .debug_line    0x0000000000008408      0x762 /home/kvant666ubl/Desktop/stm32f103c8t6/libopencm3/lib/libopencm3_stm32f1.a(usb_control.o)
 .debug_line    0x0000000000008b6a      0xd10 /home/kvant666ubl/Desktop/stm32f103c8t6/libopencm3/lib/libopencm3_stm32f1.a(usb_standard.o)
 .debug_line    0x000000000000987a      0x499 /home/kvant666ubl/Desktop/stm32f103c8t6/libopencm3/lib/libopencm3_stm32f1.a(st_usbfs_v1.o)
 .debug_line    0x0000000000009d13      0x490 /home/kvant666ubl/Desktop/stm32f103c8t6/libopencm3/lib/libopencm3_stm32f1.a(vector.o)
 .debug_line    0x000000000000a1a3      0x427 /home/kvant666ubl/Desktop/stm32f103c8t6/libopencm3/lib/libopencm3_stm32f1.a(nvic.o)
 .debug_line    0x000000000000a5ca      0x3b6 /home/kvant666ubl/Desktop/stm32f103c8t6/libopencm3/lib/libopencm3_stm32f1.a(flash_common_all.o)
 .debug_line    0x000000000000a980      0x4a2 /home/kvant666ubl/Desktop/stm32f103c8t6/libopencm3/lib/libopencm3_stm32f1.a(pwr_common_v1.o)
 .debug_line    0x000000000000ae22      0x8a6 /home/kvant666ubl/Desktop/stm32f103c8t6/libopencm3/lib/libopencm3_stm32f1.a(st_usbfs_core.o)

.debug_str      0x0000000000000000    0x16eb0
 .debug_str     0x0000000000000000      0x866 main.o
                                        0x96a (size before relaxing)
 .debug_str     0x0000000000000866      0x1eb rtos/heap_4.o
                                        0x36d (size before relaxing)
 .debug_str     0x0000000000000a51      0x11e rtos/list.o
                                        0x2c8 (size before relaxing)
 .debug_str     0x0000000000000b6f      0x157 rtos/port.o
                                        0x322 (size before relaxing)
 .debug_str     0x0000000000000cc6      0x45e rtos/queue.o
                                        0x7ea (size before relaxing)
 .debug_str     0x0000000000001124      0x7b8 rtos/tasks.o
                                        0xd62 (size before relaxing)
 .debug_str     0x00000000000018dc       0x40 rtos/opencm3.o
                                        0x1e0 (size before relaxing)
 .debug_str     0x000000000000191c      0x6d8 /home/kvant666ubl/Desktop/stm32f103c8t6//rtos/libwwg/libwwg.a(usbcdc.o)
                                        0xc9b (size before relaxing)
 .debug_str     0x0000000000001ff4      0x100 /home/kvant666ubl/Desktop/stm32f103c8t6//rtos/libwwg/libwwg.a(miniprintf.o)
                                        0x2e2 (size before relaxing)
 .debug_str     0x00000000000020f4       0x57 /home/kvant666ubl/Desktop/stm32f103c8t6//rtos/libwwg/libwwg.a(mcuio.o)
                                        0x287 (size before relaxing)
 .debug_str     0x000000000000214b       0x25 /home/kvant666ubl/Desktop/stm32f103c8t6//rtos/libwwg/libwwg.a(getline.o)
                                        0x1a5 (size before relaxing)
 .debug_str     0x0000000000002170      0x31d /home/kvant666ubl/Desktop/stm32f103c8t6//rtos/libwwg/libwwg.a(uartlib.o)
                                        0x8a2 (size before relaxing)
 .debug_str     0x000000000000248d     0x82f4 /home/kvant666ubl/Desktop/stm32f103c8t6/libopencm3/lib/libopencm3_stm32f1.a(gpio.o)
                                       0x84b9 (size before relaxing)
 .debug_str     0x000000000000a781       0x69 /home/kvant666ubl/Desktop/stm32f103c8t6/libopencm3/lib/libopencm3_stm32f1.a(gpio_common_all.o)
                                       0x84ad (size before relaxing)
 .debug_str     0x000000000000a7ea     0x3330 /home/kvant666ubl/Desktop/stm32f103c8t6/libopencm3/lib/libopencm3_stm32f1.a(rcc.o)
                                       0x81a1 (size before relaxing)
 .debug_str     0x000000000000db1a      0x371 /home/kvant666ubl/Desktop/stm32f103c8t6/libopencm3/lib/libopencm3_stm32f1.a(rcc_common_all.o)
                                       0x78af (size before relaxing)
 .debug_str     0x000000000000de8b      0x5ec /home/kvant666ubl/Desktop/stm32f103c8t6/libopencm3/lib/libopencm3_stm32f1.a(rtc.o)
                                       0x7c00 (size before relaxing)
 .debug_str     0x000000000000e477     0x1132 /home/kvant666ubl/Desktop/stm32f103c8t6/libopencm3/lib/libopencm3_stm32f1.a(usart_common_all.o)
                                       0x84d0 (size before relaxing)
 .debug_str     0x000000000000f5a9       0x2d /home/kvant666ubl/Desktop/stm32f103c8t6/libopencm3/lib/libopencm3_stm32f1.a(usart_common_f124.o)
                                       0x8264 (size before relaxing)
 .debug_str     0x000000000000f5d6     0x36aa /home/kvant666ubl/Desktop/stm32f103c8t6/libopencm3/lib/libopencm3_stm32f1.a(usb.o)
                                       0x7b0f (size before relaxing)
 .debug_str     0x0000000000012c80      0x1a2 /home/kvant666ubl/Desktop/stm32f103c8t6/libopencm3/lib/libopencm3_stm32f1.a(usb_control.o)
                                       0x7b28 (size before relaxing)
 .debug_str     0x0000000000012e22      0x2a4 /home/kvant666ubl/Desktop/stm32f103c8t6/libopencm3/lib/libopencm3_stm32f1.a(usb_standard.o)
                                       0x7c5b (size before relaxing)
 .debug_str     0x00000000000130c6     0x1581 /home/kvant666ubl/Desktop/stm32f103c8t6/libopencm3/lib/libopencm3_stm32f1.a(st_usbfs_v1.o)
                                       0x9a06 (size before relaxing)
 .debug_str     0x0000000000014647     0x2485 /home/kvant666ubl/Desktop/stm32f103c8t6/libopencm3/lib/libopencm3_stm32f1.a(vector.o)
                                       0x6582 (size before relaxing)
 .debug_str     0x0000000000016acc       0xc4 /home/kvant666ubl/Desktop/stm32f103c8t6/libopencm3/lib/libopencm3_stm32f1.a(nvic.o)
                                       0x5b64 (size before relaxing)
 .debug_str     0x0000000000016b90       0x64 /home/kvant666ubl/Desktop/stm32f103c8t6/libopencm3/lib/libopencm3_stm32f1.a(flash_common_all.o)
                                       0x5485 (size before relaxing)
 .debug_str     0x0000000000016bf4      0x190 /home/kvant666ubl/Desktop/stm32f103c8t6/libopencm3/lib/libopencm3_stm32f1.a(pwr_common_v1.o)
                                       0x50da (size before relaxing)
 .debug_str     0x0000000000016d84      0x12c /home/kvant666ubl/Desktop/stm32f103c8t6/libopencm3/lib/libopencm3_stm32f1.a(st_usbfs_core.o)
                                       0x9912 (size before relaxing)

.comment        0x0000000000000000       0x4d
 .comment       0x0000000000000000       0x4d main.o
                                         0x4e (size before relaxing)
 .comment       0x000000000000004d       0x4e rtos/heap_4.o
 .comment       0x000000000000004d       0x4e rtos/list.o
 .comment       0x000000000000004d       0x4e rtos/port.o
 .comment       0x000000000000004d       0x4e rtos/queue.o
 .comment       0x000000000000004d       0x4e rtos/tasks.o
 .comment       0x000000000000004d       0x4e rtos/opencm3.o
 .comment       0x000000000000004d       0x4e /home/kvant666ubl/Desktop/stm32f103c8t6//rtos/libwwg/libwwg.a(usbcdc.o)
 .comment       0x000000000000004d       0x4e /home/kvant666ubl/Desktop/stm32f103c8t6//rtos/libwwg/libwwg.a(miniprintf.o)
 .comment       0x000000000000004d       0x4e /home/kvant666ubl/Desktop/stm32f103c8t6//rtos/libwwg/libwwg.a(mcuio.o)
 .comment       0x000000000000004d       0x4e /home/kvant666ubl/Desktop/stm32f103c8t6//rtos/libwwg/libwwg.a(getline.o)
 .comment       0x000000000000004d       0x4e /home/kvant666ubl/Desktop/stm32f103c8t6//rtos/libwwg/libwwg.a(uartlib.o)
 .comment       0x000000000000004d       0x4e /home/kvant666ubl/Desktop/stm32f103c8t6/libopencm3/lib/libopencm3_stm32f1.a(gpio.o)
 .comment       0x000000000000004d       0x4e /home/kvant666ubl/Desktop/stm32f103c8t6/libopencm3/lib/libopencm3_stm32f1.a(gpio_common_all.o)
 .comment       0x000000000000004d       0x4e /home/kvant666ubl/Desktop/stm32f103c8t6/libopencm3/lib/libopencm3_stm32f1.a(rcc.o)
 .comment       0x000000000000004d       0x4e /home/kvant666ubl/Desktop/stm32f103c8t6/libopencm3/lib/libopencm3_stm32f1.a(rcc_common_all.o)
 .comment       0x000000000000004d       0x4e /home/kvant666ubl/Desktop/stm32f103c8t6/libopencm3/lib/libopencm3_stm32f1.a(rtc.o)
 .comment       0x000000000000004d       0x4e /home/kvant666ubl/Desktop/stm32f103c8t6/libopencm3/lib/libopencm3_stm32f1.a(usart_common_all.o)
 .comment       0x000000000000004d       0x4e /home/kvant666ubl/Desktop/stm32f103c8t6/libopencm3/lib/libopencm3_stm32f1.a(usart_common_f124.o)
 .comment       0x000000000000004d       0x4e /home/kvant666ubl/Desktop/stm32f103c8t6/libopencm3/lib/libopencm3_stm32f1.a(usb.o)
 .comment       0x000000000000004d       0x4e /home/kvant666ubl/Desktop/stm32f103c8t6/libopencm3/lib/libopencm3_stm32f1.a(usb_control.o)
 .comment       0x000000000000004d       0x4e /home/kvant666ubl/Desktop/stm32f103c8t6/libopencm3/lib/libopencm3_stm32f1.a(usb_standard.o)
 .comment       0x000000000000004d       0x4e /home/kvant666ubl/Desktop/stm32f103c8t6/libopencm3/lib/libopencm3_stm32f1.a(st_usbfs_v1.o)
 .comment       0x000000000000004d       0x4e /home/kvant666ubl/Desktop/stm32f103c8t6/libopencm3/lib/libopencm3_stm32f1.a(vector.o)
 .comment       0x000000000000004d       0x4e /home/kvant666ubl/Desktop/stm32f103c8t6/libopencm3/lib/libopencm3_stm32f1.a(nvic.o)
 .comment       0x000000000000004d       0x4e /home/kvant666ubl/Desktop/stm32f103c8t6/libopencm3/lib/libopencm3_stm32f1.a(flash_common_all.o)
 .comment       0x000000000000004d       0x4e /home/kvant666ubl/Desktop/stm32f103c8t6/libopencm3/lib/libopencm3_stm32f1.a(pwr_common_v1.o)
 .comment       0x000000000000004d       0x4e /home/kvant666ubl/Desktop/stm32f103c8t6/libopencm3/lib/libopencm3_stm32f1.a(st_usbfs_core.o)

.ARM.attributes
                0x0000000000000000       0x2b
 .ARM.attributes
                0x0000000000000000       0x2d main.o
 .ARM.attributes
                0x000000000000002d       0x2d rtos/heap_4.o
 .ARM.attributes
                0x000000000000005a       0x2d rtos/list.o
 .ARM.attributes
                0x0000000000000087       0x2d rtos/port.o
 .ARM.attributes
                0x00000000000000b4       0x2d rtos/queue.o
 .ARM.attributes
                0x00000000000000e1       0x2d rtos/tasks.o
 .ARM.attributes
                0x000000000000010e       0x2d rtos/opencm3.o
 .ARM.attributes
                0x000000000000013b       0x1b /home/kvant666ubl/opt/gcc-arm-none-eabi-10-2020-q4-major/bin/../lib/gcc/arm-none-eabi/10.2.1/../../../../arm-none-eabi/lib/thumb/v7-m/nofp/libc.a(lib_a-memcpy.o)
 .ARM.attributes
                0x0000000000000156       0x2d /home/kvant666ubl/opt/gcc-arm-none-eabi-10-2020-q4-major/bin/../lib/gcc/arm-none-eabi/10.2.1/../../../../arm-none-eabi/lib/thumb/v7-m/nofp/libc.a(lib_a-time.o)
 .ARM.attributes
                0x0000000000000183       0x2d /home/kvant666ubl/opt/gcc-arm-none-eabi-10-2020-q4-major/bin/../lib/gcc/arm-none-eabi/10.2.1/../../../../arm-none-eabi/lib/thumb/v7-m/nofp/libc.a(lib_a-gettimeofdayr.o)
 .ARM.attributes
                0x00000000000001b0       0x2d /home/kvant666ubl/opt/gcc-arm-none-eabi-10-2020-q4-major/bin/../lib/gcc/arm-none-eabi/10.2.1/../../../../arm-none-eabi/lib/thumb/v7-m/nofp/libc.a(lib_a-impure.o)
 .ARM.attributes
                0x00000000000001dd       0x2d /home/kvant666ubl/opt/gcc-arm-none-eabi-10-2020-q4-major/bin/../lib/gcc/arm-none-eabi/10.2.1/../../../../arm-none-eabi/lib/thumb/v7-m/nofp/libc.a(lib_a-reent.o)
 .ARM.attributes
                0x000000000000020a       0x2d /home/kvant666ubl/opt/gcc-arm-none-eabi-10-2020-q4-major/bin/../lib/gcc/arm-none-eabi/10.2.1/../../../../arm-none-eabi/lib/thumb/v7-m/nofp/libnosys.a(gettod.o)
 .ARM.attributes
                0x0000000000000237       0x2d /home/kvant666ubl/Desktop/stm32f103c8t6//rtos/libwwg/libwwg.a(usbcdc.o)
 .ARM.attributes
                0x0000000000000264       0x2d /home/kvant666ubl/Desktop/stm32f103c8t6//rtos/libwwg/libwwg.a(miniprintf.o)
 .ARM.attributes
                0x0000000000000291       0x2d /home/kvant666ubl/Desktop/stm32f103c8t6//rtos/libwwg/libwwg.a(mcuio.o)
 .ARM.attributes
                0x00000000000002be       0x2d /home/kvant666ubl/Desktop/stm32f103c8t6//rtos/libwwg/libwwg.a(getline.o)
 .ARM.attributes
                0x00000000000002eb       0x2d /home/kvant666ubl/Desktop/stm32f103c8t6//rtos/libwwg/libwwg.a(uartlib.o)
 .ARM.attributes
                0x0000000000000318       0x2d /home/kvant666ubl/Desktop/stm32f103c8t6/libopencm3/lib/libopencm3_stm32f1.a(gpio.o)
 .ARM.attributes
                0x0000000000000345       0x2d /home/kvant666ubl/Desktop/stm32f103c8t6/libopencm3/lib/libopencm3_stm32f1.a(gpio_common_all.o)
 .ARM.attributes
                0x0000000000000372       0x2d /home/kvant666ubl/Desktop/stm32f103c8t6/libopencm3/lib/libopencm3_stm32f1.a(rcc.o)
 .ARM.attributes
                0x000000000000039f       0x2d /home/kvant666ubl/Desktop/stm32f103c8t6/libopencm3/lib/libopencm3_stm32f1.a(rcc_common_all.o)
 .ARM.attributes
                0x00000000000003cc       0x2d /home/kvant666ubl/Desktop/stm32f103c8t6/libopencm3/lib/libopencm3_stm32f1.a(rtc.o)
 .ARM.attributes
                0x00000000000003f9       0x2d /home/kvant666ubl/Desktop/stm32f103c8t6/libopencm3/lib/libopencm3_stm32f1.a(usart_common_all.o)
 .ARM.attributes
                0x0000000000000426       0x2d /home/kvant666ubl/Desktop/stm32f103c8t6/libopencm3/lib/libopencm3_stm32f1.a(usart_common_f124.o)
 .ARM.attributes
                0x0000000000000453       0x2d /home/kvant666ubl/Desktop/stm32f103c8t6/libopencm3/lib/libopencm3_stm32f1.a(usb.o)
 .ARM.attributes
                0x0000000000000480       0x2d /home/kvant666ubl/Desktop/stm32f103c8t6/libopencm3/lib/libopencm3_stm32f1.a(usb_control.o)
 .ARM.attributes
                0x00000000000004ad       0x2d /home/kvant666ubl/Desktop/stm32f103c8t6/libopencm3/lib/libopencm3_stm32f1.a(usb_standard.o)
 .ARM.attributes
                0x00000000000004da       0x2d /home/kvant666ubl/Desktop/stm32f103c8t6/libopencm3/lib/libopencm3_stm32f1.a(st_usbfs_v1.o)
 .ARM.attributes
                0x0000000000000507       0x2d /home/kvant666ubl/Desktop/stm32f103c8t6/libopencm3/lib/libopencm3_stm32f1.a(vector.o)
 .ARM.attributes
                0x0000000000000534       0x2d /home/kvant666ubl/Desktop/stm32f103c8t6/libopencm3/lib/libopencm3_stm32f1.a(nvic.o)
 .ARM.attributes
                0x0000000000000561       0x2d /home/kvant666ubl/Desktop/stm32f103c8t6/libopencm3/lib/libopencm3_stm32f1.a(flash_common_all.o)
 .ARM.attributes
                0x000000000000058e       0x2d /home/kvant666ubl/Desktop/stm32f103c8t6/libopencm3/lib/libopencm3_stm32f1.a(pwr_common_v1.o)
 .ARM.attributes
                0x00000000000005bb       0x2d /home/kvant666ubl/Desktop/stm32f103c8t6/libopencm3/lib/libopencm3_stm32f1.a(st_usbfs_core.o)
 .ARM.attributes
                0x00000000000005e8       0x2d /home/kvant666ubl/opt/gcc-arm-none-eabi-10-2020-q4-major/bin/../lib/gcc/arm-none-eabi/10.2.1/../../../../arm-none-eabi/lib/thumb/v7-m/nofp/libc.a(lib_a-memmove.o)
 .ARM.attributes
                0x0000000000000615       0x2d /home/kvant666ubl/opt/gcc-arm-none-eabi-10-2020-q4-major/bin/../lib/gcc/arm-none-eabi/10.2.1/../../../../arm-none-eabi/lib/thumb/v7-m/nofp/libc.a(lib_a-strlen-stub.o)

.debug_frame    0x0000000000000000     0x2258
 .debug_frame   0x0000000000000000       0xcc main.o
 .debug_frame   0x00000000000000cc       0x98 rtos/heap_4.o
 .debug_frame   0x0000000000000164       0x6c rtos/list.o
 .debug_frame   0x00000000000001d0       0xd0 rtos/port.o
 .debug_frame   0x00000000000002a0      0x208 rtos/queue.o
 .debug_frame   0x00000000000004a8      0x454 rtos/tasks.o
 .debug_frame   0x00000000000008fc       0x40 rtos/opencm3.o
 .debug_frame   0x000000000000093c       0x30 /home/kvant666ubl/opt/gcc-arm-none-eabi-10-2020-q4-major/bin/../lib/gcc/arm-none-eabi/10.2.1/../../../../arm-none-eabi/lib/thumb/v7-m/nofp/libc.a(lib_a-time.o)
 .debug_frame   0x000000000000096c       0x2c /home/kvant666ubl/opt/gcc-arm-none-eabi-10-2020-q4-major/bin/../lib/gcc/arm-none-eabi/10.2.1/../../../../arm-none-eabi/lib/thumb/v7-m/nofp/libc.a(lib_a-gettimeofdayr.o)
 .debug_frame   0x0000000000000998       0x64 /home/kvant666ubl/opt/gcc-arm-none-eabi-10-2020-q4-major/bin/../lib/gcc/arm-none-eabi/10.2.1/../../../../arm-none-eabi/lib/thumb/v7-m/nofp/libc.a(lib_a-reent.o)
 .debug_frame   0x00000000000009fc       0x20 /home/kvant666ubl/opt/gcc-arm-none-eabi-10-2020-q4-major/bin/../lib/gcc/arm-none-eabi/10.2.1/../../../../arm-none-eabi/lib/thumb/v7-m/nofp/libnosys.a(gettod.o)
 .debug_frame   0x0000000000000a1c      0x1b4 /home/kvant666ubl/Desktop/stm32f103c8t6//rtos/libwwg/libwwg.a(usbcdc.o)
 .debug_frame   0x0000000000000bd0      0x110 /home/kvant666ubl/Desktop/stm32f103c8t6//rtos/libwwg/libwwg.a(miniprintf.o)
 .debug_frame   0x0000000000000ce0       0x6c /home/kvant666ubl/Desktop/stm32f103c8t6//rtos/libwwg/libwwg.a(mcuio.o)
 .debug_frame   0x0000000000000d4c       0x3c /home/kvant666ubl/Desktop/stm32f103c8t6//rtos/libwwg/libwwg.a(getline.o)
 .debug_frame   0x0000000000000d88      0x3a0 /home/kvant666ubl/Desktop/stm32f103c8t6//rtos/libwwg/libwwg.a(uartlib.o)
 .debug_frame   0x0000000000001128       0x60 /home/kvant666ubl/Desktop/stm32f103c8t6/libopencm3/lib/libopencm3_stm32f1.a(gpio.o)
 .debug_frame   0x0000000000001188       0x80 /home/kvant666ubl/Desktop/stm32f103c8t6/libopencm3/lib/libopencm3_stm32f1.a(gpio_common_all.o)
 .debug_frame   0x0000000000001208      0x318 /home/kvant666ubl/Desktop/stm32f103c8t6/libopencm3/lib/libopencm3_stm32f1.a(rcc.o)
 .debug_frame   0x0000000000001520       0xe0 /home/kvant666ubl/Desktop/stm32f103c8t6/libopencm3/lib/libopencm3_stm32f1.a(rcc_common_all.o)
 .debug_frame   0x0000000000001600      0x1ac /home/kvant666ubl/Desktop/stm32f103c8t6/libopencm3/lib/libopencm3_stm32f1.a(rtc.o)
 .debug_frame   0x00000000000017ac      0x1b0 /home/kvant666ubl/Desktop/stm32f103c8t6/libopencm3/lib/libopencm3_stm32f1.a(usart_common_all.o)
 .debug_frame   0x000000000000195c       0x60 /home/kvant666ubl/Desktop/stm32f103c8t6/libopencm3/lib/libopencm3_stm32f1.a(usart_common_f124.o)
 .debug_frame   0x00000000000019bc      0x14c /home/kvant666ubl/Desktop/stm32f103c8t6/libopencm3/lib/libopencm3_stm32f1.a(usb.o)
 .debug_frame   0x0000000000001b08      0x164 /home/kvant666ubl/Desktop/stm32f103c8t6/libopencm3/lib/libopencm3_stm32f1.a(usb_control.o)
 .debug_frame   0x0000000000001c6c      0x1e4 /home/kvant666ubl/Desktop/stm32f103c8t6/libopencm3/lib/libopencm3_stm32f1.a(usb_standard.o)
 .debug_frame   0x0000000000001e50       0x54 /home/kvant666ubl/Desktop/stm32f103c8t6/libopencm3/lib/libopencm3_stm32f1.a(st_usbfs_v1.o)
 .debug_frame   0x0000000000001ea4       0x4c /home/kvant666ubl/Desktop/stm32f103c8t6/libopencm3/lib/libopencm3_stm32f1.a(vector.o)
 .debug_frame   0x0000000000001ef0       0xa0 /home/kvant666ubl/Desktop/stm32f103c8t6/libopencm3/lib/libopencm3_stm32f1.a(nvic.o)
 .debug_frame   0x0000000000001f90       0x50 /home/kvant666ubl/Desktop/stm32f103c8t6/libopencm3/lib/libopencm3_stm32f1.a(flash_common_all.o)
 .debug_frame   0x0000000000001fe0      0x100 /home/kvant666ubl/Desktop/stm32f103c8t6/libopencm3/lib/libopencm3_stm32f1.a(pwr_common_v1.o)
 .debug_frame   0x00000000000020e0      0x118 /home/kvant666ubl/Desktop/stm32f103c8t6/libopencm3/lib/libopencm3_stm32f1.a(st_usbfs_core.o)
 .debug_frame   0x00000000000021f8       0x40 /home/kvant666ubl/opt/gcc-arm-none-eabi-10-2020-q4-major/bin/../lib/gcc/arm-none-eabi/10.2.1/../../../../arm-none-eabi/lib/thumb/v7-m/nofp/libc.a(lib_a-memmove.o)
 .debug_frame   0x0000000000002238       0x20 /home/kvant666ubl/opt/gcc-arm-none-eabi-10-2020-q4-major/bin/../lib/gcc/arm-none-eabi/10.2.1/../../../../arm-none-eabi/lib/thumb/v7-m/nofp/libc.a(lib_a-strlen-stub.o)

.stab           0x0000000000000000       0x24
 .stab          0x0000000000000000       0x24 /home/kvant666ubl/opt/gcc-arm-none-eabi-10-2020-q4-major/bin/../lib/gcc/arm-none-eabi/10.2.1/../../../../arm-none-eabi/lib/thumb/v7-m/nofp/libnosys.a(gettod.o)

.stabstr        0x0000000000000000       0x4e
 .stabstr       0x0000000000000000       0x4e /home/kvant666ubl/opt/gcc-arm-none-eabi-10-2020-q4-major/bin/../lib/gcc/arm-none-eabi/10.2.1/../../../../arm-none-eabi/lib/thumb/v7-m/nofp/libnosys.a(gettod.o)

.debug_macro    0x0000000000000000     0x586e
 .debug_macro   0x0000000000000000       0xb8 /home/kvant666ubl/Desktop/stm32f103c8t6/libopencm3/lib/libopencm3_stm32f1.a(gpio.o)
 .debug_macro   0x00000000000000b8      0xa60 /home/kvant666ubl/Desktop/stm32f103c8t6/libopencm3/lib/libopencm3_stm32f1.a(gpio.o)
 .debug_macro   0x0000000000000b18       0x1c /home/kvant666ubl/Desktop/stm32f103c8t6/libopencm3/lib/libopencm3_stm32f1.a(gpio.o)
 .debug_macro   0x0000000000000b34       0x22 /home/kvant666ubl/Desktop/stm32f103c8t6/libopencm3/lib/libopencm3_stm32f1.a(gpio.o)
 .debug_macro   0x0000000000000b56       0x56 /home/kvant666ubl/Desktop/stm32f103c8t6/libopencm3/lib/libopencm3_stm32f1.a(gpio.o)
 .debug_macro   0x0000000000000bac       0x51 /home/kvant666ubl/Desktop/stm32f103c8t6/libopencm3/lib/libopencm3_stm32f1.a(gpio.o)
 .debug_macro   0x0000000000000bfd      0x103 /home/kvant666ubl/Desktop/stm32f103c8t6/libopencm3/lib/libopencm3_stm32f1.a(gpio.o)
 .debug_macro   0x0000000000000d00       0x6a /home/kvant666ubl/Desktop/stm32f103c8t6/libopencm3/lib/libopencm3_stm32f1.a(gpio.o)
 .debug_macro   0x0000000000000d6a      0x1df /home/kvant666ubl/Desktop/stm32f103c8t6/libopencm3/lib/libopencm3_stm32f1.a(gpio.o)
 .debug_macro   0x0000000000000f49       0x22 /home/kvant666ubl/Desktop/stm32f103c8t6/libopencm3/lib/libopencm3_stm32f1.a(gpio.o)
 .debug_macro   0x0000000000000f6b       0xe8 /home/kvant666ubl/Desktop/stm32f103c8t6/libopencm3/lib/libopencm3_stm32f1.a(gpio.o)
 .debug_macro   0x0000000000001053       0x76 /home/kvant666ubl/Desktop/stm32f103c8t6/libopencm3/lib/libopencm3_stm32f1.a(gpio.o)
 .debug_macro   0x00000000000010c9      0x1b4 /home/kvant666ubl/Desktop/stm32f103c8t6/libopencm3/lib/libopencm3_stm32f1.a(gpio.o)
 .debug_macro   0x000000000000127d       0x76 /home/kvant666ubl/Desktop/stm32f103c8t6/libopencm3/lib/libopencm3_stm32f1.a(gpio.o)
 .debug_macro   0x00000000000012f3      0xe04 /home/kvant666ubl/Desktop/stm32f103c8t6/libopencm3/lib/libopencm3_stm32f1.a(gpio.o)
 .debug_macro   0x00000000000020f7       0xb8 /home/kvant666ubl/Desktop/stm32f103c8t6/libopencm3/lib/libopencm3_stm32f1.a(gpio_common_all.o)
 .debug_macro   0x00000000000021af       0xe7 /home/kvant666ubl/Desktop/stm32f103c8t6/libopencm3/lib/libopencm3_stm32f1.a(rcc.o)
 .debug_macro   0x0000000000002296       0x16 /home/kvant666ubl/Desktop/stm32f103c8t6/libopencm3/lib/libopencm3_stm32f1.a(rcc.o)
 .debug_macro   0x00000000000022ac      0x8c6 /home/kvant666ubl/Desktop/stm32f103c8t6/libopencm3/lib/libopencm3_stm32f1.a(rcc.o)
 .debug_macro   0x0000000000002b72       0xee /home/kvant666ubl/Desktop/stm32f103c8t6/libopencm3/lib/libopencm3_stm32f1.a(rcc.o)
 .debug_macro   0x0000000000002c60       0x82 /home/kvant666ubl/Desktop/stm32f103c8t6/libopencm3/lib/libopencm3_stm32f1.a(rcc.o)
 .debug_macro   0x0000000000002ce2       0xce /home/kvant666ubl/Desktop/stm32f103c8t6/libopencm3/lib/libopencm3_stm32f1.a(rcc_common_all.o)
 .debug_macro   0x0000000000002db0       0xe6 /home/kvant666ubl/Desktop/stm32f103c8t6/libopencm3/lib/libopencm3_stm32f1.a(rtc.o)
 .debug_macro   0x0000000000002e96       0x8e /home/kvant666ubl/Desktop/stm32f103c8t6/libopencm3/lib/libopencm3_stm32f1.a(rtc.o)
 .debug_macro   0x0000000000002f24       0x76 /home/kvant666ubl/Desktop/stm32f103c8t6/libopencm3/lib/libopencm3_stm32f1.a(rtc.o)
 .debug_macro   0x0000000000002f9a       0xda /home/kvant666ubl/Desktop/stm32f103c8t6/libopencm3/lib/libopencm3_stm32f1.a(usart_common_all.o)
 .debug_macro   0x0000000000003074       0x94 /home/kvant666ubl/Desktop/stm32f103c8t6/libopencm3/lib/libopencm3_stm32f1.a(usart_common_all.o)
 .debug_macro   0x0000000000003108      0x29e /home/kvant666ubl/Desktop/stm32f103c8t6/libopencm3/lib/libopencm3_stm32f1.a(usart_common_all.o)
 .debug_macro   0x00000000000033a6       0xda /home/kvant666ubl/Desktop/stm32f103c8t6/libopencm3/lib/libopencm3_stm32f1.a(usart_common_f124.o)
 .debug_macro   0x0000000000003480      0x146 /home/kvant666ubl/Desktop/stm32f103c8t6/libopencm3/lib/libopencm3_stm32f1.a(usb.o)
 .debug_macro   0x00000000000035c6       0x5e /home/kvant666ubl/Desktop/stm32f103c8t6/libopencm3/lib/libopencm3_stm32f1.a(usb.o)
 .debug_macro   0x0000000000003624       0x18 /home/kvant666ubl/Desktop/stm32f103c8t6/libopencm3/lib/libopencm3_stm32f1.a(usb.o)
 .debug_macro   0x000000000000363c       0x5c /home/kvant666ubl/Desktop/stm32f103c8t6/libopencm3/lib/libopencm3_stm32f1.a(usb.o)